Archive member included to satisfy reference by file (symbol)

build/postcar/external/vboot_reference-postcar/../../../external/vboot_reference-postcar/vboot_fw.a(2api.o)
                              (--whole-archive)
build/postcar/external/vboot_reference-postcar/../../../external/vboot_reference-postcar/vboot_fw.a(2auxfw_sync.o)
                              (--whole-archive)
build/postcar/external/vboot_reference-postcar/../../../external/vboot_reference-postcar/vboot_fw.a(2common.o)
                              (--whole-archive)
build/postcar/external/vboot_reference-postcar/../../../external/vboot_reference-postcar/vboot_fw.a(2context.o)
                              (--whole-archive)
build/postcar/external/vboot_reference-postcar/../../../external/vboot_reference-postcar/vboot_fw.a(2crc8.o)
                              (--whole-archive)
build/postcar/external/vboot_reference-postcar/../../../external/vboot_reference-postcar/vboot_fw.a(2crypto.o)
                              (--whole-archive)
build/postcar/external/vboot_reference-postcar/../../../external/vboot_reference-postcar/vboot_fw.a(2ec_sync.o)
                              (--whole-archive)
build/postcar/external/vboot_reference-postcar/../../../external/vboot_reference-postcar/vboot_fw.a(2firmware.o)
                              (--whole-archive)
build/postcar/external/vboot_reference-postcar/../../../external/vboot_reference-postcar/vboot_fw.a(2gbb.o)
                              (--whole-archive)
build/postcar/external/vboot_reference-postcar/../../../external/vboot_reference-postcar/vboot_fw.a(2hmac.o)
                              (--whole-archive)
build/postcar/external/vboot_reference-postcar/../../../external/vboot_reference-postcar/vboot_fw.a(2kernel.o)
                              (--whole-archive)
build/postcar/external/vboot_reference-postcar/../../../external/vboot_reference-postcar/vboot_fw.a(2load_kernel.o)
                              (--whole-archive)
build/postcar/external/vboot_reference-postcar/../../../external/vboot_reference-postcar/vboot_fw.a(2misc.o)
                              (--whole-archive)
build/postcar/external/vboot_reference-postcar/../../../external/vboot_reference-postcar/vboot_fw.a(2nvstorage.o)
                              (--whole-archive)
build/postcar/external/vboot_reference-postcar/../../../external/vboot_reference-postcar/vboot_fw.a(2packed_key.o)
                              (--whole-archive)
build/postcar/external/vboot_reference-postcar/../../../external/vboot_reference-postcar/vboot_fw.a(2recovery_reasons.o)
                              (--whole-archive)
build/postcar/external/vboot_reference-postcar/../../../external/vboot_reference-postcar/vboot_fw.a(2rsa.o)
                              (--whole-archive)
build/postcar/external/vboot_reference-postcar/../../../external/vboot_reference-postcar/vboot_fw.a(2secdata_firmware.o)
                              (--whole-archive)
build/postcar/external/vboot_reference-postcar/../../../external/vboot_reference-postcar/vboot_fw.a(2secdata_fwmp.o)
                              (--whole-archive)
build/postcar/external/vboot_reference-postcar/../../../external/vboot_reference-postcar/vboot_fw.a(2secdata_kernel.o)
                              (--whole-archive)
build/postcar/external/vboot_reference-postcar/../../../external/vboot_reference-postcar/vboot_fw.a(2sha1.o)
                              (--whole-archive)
build/postcar/external/vboot_reference-postcar/../../../external/vboot_reference-postcar/vboot_fw.a(2sha256.o)
                              (--whole-archive)
build/postcar/external/vboot_reference-postcar/../../../external/vboot_reference-postcar/vboot_fw.a(2sha512.o)
                              (--whole-archive)
build/postcar/external/vboot_reference-postcar/../../../external/vboot_reference-postcar/vboot_fw.a(2sha_utility.o)
                              (--whole-archive)
build/postcar/external/vboot_reference-postcar/../../../external/vboot_reference-postcar/vboot_fw.a(2struct.o)
                              (--whole-archive)
build/postcar/external/vboot_reference-postcar/../../../external/vboot_reference-postcar/vboot_fw.a(2stub_hwcrypto.o)
                              (--whole-archive)
build/postcar/external/vboot_reference-postcar/../../../external/vboot_reference-postcar/vboot_fw.a(2tpm_bootmode.o)
                              (--whole-archive)
build/postcar/external/vboot_reference-postcar/../../../external/vboot_reference-postcar/vboot_fw.a(cgptlib.o)
                              (--whole-archive)
build/postcar/external/vboot_reference-postcar/../../../external/vboot_reference-postcar/vboot_fw.a(cgptlib_internal.o)
                              (--whole-archive)
build/postcar/external/vboot_reference-postcar/../../../external/vboot_reference-postcar/vboot_fw.a(crc32.o)
                              (--whole-archive)
[...]
Memory Configuration

Name             Origin             Length             Attributes
*default*        0x0000000000000000 0xffffffffffffffff

Linker script and memory map

START GROUP
LOAD build/postcar/external/vboot_reference-postcar/vboot_fw.a
LOAD build/postcar/mainboard/protectli/vault_cml/static.o
LOAD build/postcar/acpi/acpi_pm.o
LOAD build/postcar/arch/x86/boot.o
LOAD build/postcar/arch/x86/breakpoint.o
LOAD build/postcar/arch/x86/cf9_reset.o
LOAD build/postcar/arch/x86/cpu_common.o
LOAD build/postcar/arch/x86/exception.o
LOAD build/postcar/arch/x86/exit_car.o
LOAD build/postcar/arch/x86/gdt_init.o
LOAD build/postcar/arch/x86/idt.o
LOAD build/postcar/arch/x86/memcpy.o
LOAD build/postcar/arch/x86/memmove.o
LOAD build/postcar/arch/x86/memset.o
LOAD build/postcar/arch/x86/mmap_boot.o
LOAD build/postcar/arch/x86/null_breakpoint.o
LOAD build/postcar/arch/x86/post.o
LOAD build/postcar/arch/x86/postcar.o
LOAD build/postcar/arch/x86/timestamp.o
LOAD build/postcar/commonlib/bsd/cbfs_mcache.o
LOAD build/postcar/commonlib/bsd/cbfs_private.o
LOAD build/postcar/commonlib/bsd/lz4_wrapper.o
LOAD build/postcar/commonlib/iobuf.o
LOAD build/postcar/commonlib/mem_pool.o
LOAD build/postcar/commonlib/region.o
LOAD build/postcar/console/console.o
LOAD build/postcar/console/die.o
LOAD build/postcar/console/init.o
LOAD build/postcar/console/post.o
LOAD build/postcar/console/printk.o
LOAD build/postcar/console/vsprintf.o
LOAD build/postcar/console/vtxprintf.o
LOAD build/postcar/cpu/x86/lapic/boot_cpu.o
LOAD build/postcar/cpu/x86/lapic/lapic.o
LOAD build/postcar/cpu/x86/mtrr/debug.o
LOAD build/postcar/cpu/x86/mtrr/earlymtrr.o
LOAD build/postcar/cpu/x86/pae/pgtbl.o
LOAD build/postcar/cpu/x86/smm/tseg_region.o
LOAD build/postcar/cpu/x86/tsc/delay_tsc.o
LOAD build/postcar/device/device_const.o
LOAD build/postcar/device/pci_early.o
LOAD build/postcar/device/pci_ops.o
LOAD build/postcar/drivers/efi/efivars.o
LOAD build/postcar/drivers/i2c/designware/dw_i2c.o
LOAD build/postcar/drivers/intel/fsp2_0/hand_off_block.o
LOAD build/postcar/drivers/pc80/pc/i8254.o
LOAD build/postcar/drivers/pc80/rtc/mc146818rtc.o
LOAD build/postcar/drivers/pc80/rtc/mc146818rtc_boot.o
LOAD build/postcar/drivers/pc80/tpm/tis.o
LOAD build/postcar/drivers/smmstore/store.o
LOAD build/postcar/drivers/spi/bitbang.o
LOAD build/postcar/drivers/spi/boot_device_rw_nommap.o
LOAD build/postcar/drivers/spi/macronix.o
LOAD build/postcar/drivers/spi/spi-generic.o
LOAD build/postcar/drivers/spi/spi_flash.o
LOAD build/postcar/drivers/uart/uart8250io.o
LOAD build/postcar/drivers/uart/util.o
LOAD build/postcar/lib/boot_device.o
LOAD build/postcar/lib/bootmode.o
LOAD build/postcar/lib/cbfs.o
LOAD build/postcar/lib/cbmem_common.o
LOAD build/postcar/lib/cbmem_console.o
LOAD build/postcar/lib/crc_byte.o
LOAD build/postcar/lib/delay.o
LOAD build/postcar/lib/ext_stage_cache.o
LOAD build/postcar/lib/fmap.o
LOAD build/postcar/lib/gcc.o
LOAD build/postcar/lib/halt.o
LOAD build/postcar/lib/hexdump.o
LOAD build/postcar/lib/imd.o
LOAD build/postcar/lib/imd_cbmem.o
LOAD build/postcar/lib/libgcc.o
LOAD build/postcar/lib/list.o
LOAD build/postcar/lib/lzma.o
LOAD build/postcar/lib/lzmadecode.o
LOAD build/postcar/lib/memchr.o
LOAD build/postcar/lib/memcmp.o
LOAD build/postcar/lib/prog_loaders.o
LOAD build/postcar/lib/prog_ops.o
LOAD build/postcar/lib/reset.o
LOAD build/postcar/lib/rmodule.o
LOAD build/postcar/lib/romstage_handoff.o
LOAD build/postcar/lib/string.o
LOAD build/postcar/lib/timestamp.o
LOAD build/postcar/lib/version.o
LOAD build/postcar/security/memory/memory.o
LOAD build/postcar/security/tpm/tspi/crtm.o
LOAD build/postcar/security/tpm/tspi/log.o
LOAD build/postcar/security/tpm/tspi/tspi.o
LOAD build/postcar/security/tpm/tss/tcg-2.0/tss.o
LOAD build/postcar/security/tpm/tss/tcg-2.0/tss_marshaling.o
LOAD build/postcar/security/vboot/bootmode.o
LOAD build/postcar/security/vboot/common.o
LOAD build/postcar/security/vboot/vboot_common.o
LOAD build/postcar/security/vboot/vboot_lib.o
LOAD build/postcar/security/vboot/vboot_loader.o
LOAD build/postcar/soc/intel/cannonlake/gspi.o
LOAD build/postcar/soc/intel/cannonlake/i2c.o
LOAD build/postcar/soc/intel/cannonlake/pmutil.o
LOAD build/postcar/soc/intel/cannonlake/spi.o
LOAD build/postcar/soc/intel/cannonlake/uart.o
LOAD build/postcar/soc/intel/common/block/chip/chip.o
LOAD build/postcar/soc/intel/common/block/cpu/car/exit_car.o
LOAD build/postcar/soc/intel/common/block/fast_spi/fast_spi.o
LOAD build/postcar/soc/intel/common/block/fast_spi/fast_spi_flash.o
LOAD build/postcar/soc/intel/common/block/gspi/gspi.o
LOAD build/postcar/soc/intel/common/block/i2c/i2c.o
LOAD build/postcar/soc/intel/common/block/lpss/lpss.o
LOAD build/postcar/soc/intel/common/block/pmc/pmclib.o
LOAD build/postcar/soc/intel/common/block/smbus/tco.o
LOAD build/postcar/soc/intel/common/block/smm/smm.o
LOAD build/postcar/soc/intel/common/block/spi/spi.o
LOAD build/postcar/soc/intel/common/block/systemagent/memmap.o
LOAD build/postcar/soc/intel/common/block/systemagent/systemagent_early.o
LOAD build/postcar/soc/intel/common/block/timer/timer.o
LOAD build/postcar/soc/intel/common/block/uart/uart.o
LOAD build/postcar/soc/intel/common/reset.o
LOAD /opt/xgcc/lib/gcc/i386-elf/11.2.0/libgcc.a
END GROUP
                0x0000000000000001                _ = ASSERT ((. <= 0x2000000), postcar overlaps the previous region!)
                0x0000000002000000                . = 0x2000000
                0x0000000002000000                _postcar = ABSOLUTE (.)
                0x0000000002100000                _epostcar = ABSOLUTE ((_postcar + 0x100000))
                0x0000000000100000                _postcar_size = ABSOLUTE ((_epostcar - _postcar))
                0x0000000000000001                _ = ASSERT (((_eprogram - _program) <= 0x100000), Aftercar exceeded its allotted size! (1M))

.text           0x0000000002000000     0x6ac8
                0x0000000002000000                _program = .
                0x0000000002000000                _text = .
 *(.init._start)
 *(.init)
 .init          0x0000000002000000       0x28 build/postcar/arch/x86/gdt_init.o
                0x0000000002000000                gdtptr
 *(.init.*)
 .init._gdt_    0x0000000002000028        0x9 build/postcar/arch/x86/gdt_init.o
                0x0000000002000028                gdt_init
 *(.text._start)
 *(.text.stage_entry)
 *(.metadata_hash_anchor)
 *(.text)
 .text          0x0000000002000031       0x48 build/postcar/arch/x86/exit_car.o
                0x0000000002000031                _start
 .text          0x0000000002000079       0x30 build/postcar/soc/intel/common/block/cpu/car/exit_car.o
                0x0000000002000079                chipset_teardown_car
                0x0000000002000088                car_nem_enhanced_teardown
 *fill*         0x00000000020000a9        0x3 
 .text          0x00000000020000ac      0x107 /opt/xgcc/lib/gcc/i386-elf/11.2.0/libgcc.a(_udivdi3.o)
                0x00000000020000ac                __udivdi3
 *fill*         0x00000000020001b3        0x1 
 .text          0x00000000020001b4      0x1b4 /opt/xgcc/lib/gcc/i386-elf/11.2.0/libgcc.a(_udivmoddi4.o)
                0x00000000020001b4                __udivmoddi4
 *(.text.*)
 .text.vb2_member_of
                0x0000000002000368        0x9 build/postcar/external/vboot_reference-postcar/../../../external/vboot_reference-postcar/vboot_fw.a(2common.o)
                0x0000000002000368                vb2_member_of
 .text.vb2api_relocate
                0x0000000002000371       0x8e build/postcar/external/vboot_reference-postcar/../../../external/vboot_reference-postcar/vboot_fw.a(2context.o)
                0x0000000002000371                vb2api_relocate
 .text.vb2api_reinit
                0x00000000020003ff       0x1c build/postcar/external/vboot_reference-postcar/../../../external/vboot_reference-postcar/vboot_fw.a(2context.o)
                0x00000000020003ff                vb2api_reinit
 .text.vb2_get_hash_algorithm_name
                0x000000000200041b       0x1f build/postcar/external/vboot_reference-postcar/../../../external/vboot_reference-postcar/vboot_fw.a(2crypto.o)
                0x000000000200041b                vb2_get_hash_algorithm_name
 .text.vb2api_get_firmware_size
                0x000000000200043a       0x2c build/postcar/external/vboot_reference-postcar/../../../external/vboot_reference-postcar/vboot_fw.a(2misc.o)
                0x000000000200043a                vb2api_get_firmware_size
 .text.vb2api_hwcrypto_allowed
                0x0000000002000466       0x24 build/postcar/external/vboot_reference-postcar/../../../external/vboot_reference-postcar/vboot_fw.a(2misc.o)
                0x0000000002000466                vb2api_hwcrypto_allowed
 .text.vb2_secdata_kernel_get
                0x000000000200048a       0x95 build/postcar/external/vboot_reference-postcar/../../../external/vboot_reference-postcar/vboot_fw.a(2secdata_kernel.o)
                0x000000000200048a                vb2_secdata_kernel_get
 .text.sha1_transform
                0x000000000200051f      0x129 build/postcar/external/vboot_reference-postcar/../../../external/vboot_reference-postcar/vboot_fw.a(2sha1.o)
 .text.vb2_sha1_update
                0x0000000002000648       0x40 build/postcar/external/vboot_reference-postcar/../../../external/vboot_reference-postcar/vboot_fw.a(2sha1.o)
                0x0000000002000648                vb2_sha1_update
 .text.vb2_sha1_finalize
                0x0000000002000688       0x9f build/postcar/external/vboot_reference-postcar/../../../external/vboot_reference-postcar/vboot_fw.a(2sha1.o)
                0x0000000002000688                vb2_sha1_finalize
 .text.vb2_sha1_init
                0x0000000002000727       0x2e build/postcar/external/vboot_reference-postcar/../../../external/vboot_reference-postcar/vboot_fw.a(2sha1.o)
                0x0000000002000727                vb2_sha1_init
 .text.vb2_sha256_transform
                0x0000000002000755      0x1e2 build/postcar/external/vboot_reference-postcar/../../../external/vboot_reference-postcar/vboot_fw.a(2sha256.o)
 .text.vb2_sha256_init
                0x0000000002000937       0x35 build/postcar/external/vboot_reference-postcar/../../../external/vboot_reference-postcar/vboot_fw.a(2sha256.o)
                0x0000000002000937                vb2_sha256_init
 .text.vb2_sha256_update
                0x000000000200096c       0x9f build/postcar/external/vboot_reference-postcar/../../../external/vboot_reference-postcar/vboot_fw.a(2sha256.o)
                0x000000000200096c                vb2_sha256_update
 .text.vb2_sha256_finalize
                0x0000000002000a0b       0xbb build/postcar/external/vboot_reference-postcar/../../../external/vboot_reference-postcar/vboot_fw.a(2sha256.o)
                0x0000000002000a0b                vb2_sha256_finalize
 .text.vb2_sha512_transform
                0x0000000002000ac6      0x528 build/postcar/external/vboot_reference-postcar/../../../external/vboot_reference-postcar/vboot_fw.a(2sha512.o)
 .text.vb2_sha512_init
                0x0000000002000fee       0x3f build/postcar/external/vboot_reference-postcar/../../../external/vboot_reference-postcar/vboot_fw.a(2sha512.o)
                0x0000000002000fee                vb2_sha512_init
 .text.vb2_sha512_update
                0x000000000200102d       0x9f build/postcar/external/vboot_reference-postcar/../../../external/vboot_reference-postcar/vboot_fw.a(2sha512.o)
                0x000000000200102d                vb2_sha512_update
 .text.vb2_sha512_finalize
                0x00000000020010cc       0xe2 build/postcar/external/vboot_reference-postcar/../../../external/vboot_reference-postcar/vboot_fw.a(2sha512.o)
                0x00000000020010cc                vb2_sha512_finalize
 .text.vb2_digest_size
                0x00000000020011ae       0x16 build/postcar/external/vboot_reference-postcar/../../../external/vboot_reference-postcar/vboot_fw.a(2sha_utility.o)
                0x00000000020011ae                vb2_digest_size
 .text.vb2_digest_init
                0x00000000020011c4      0x10e build/postcar/external/vboot_reference-postcar/../../../external/vboot_reference-postcar/vboot_fw.a(2sha_utility.o)
                0x00000000020011c4                vb2_digest_init
 .text.vb2_digest_extend
                0x00000000020012d2       0x6a build/postcar/external/vboot_reference-postcar/../../../external/vboot_reference-postcar/vboot_fw.a(2sha_utility.o)
                0x00000000020012d2                vb2_digest_extend
 .text.vb2_digest_finalize
                0x000000000200133c       0x8d build/postcar/external/vboot_reference-postcar/../../../external/vboot_reference-postcar/vboot_fw.a(2sha_utility.o)
                0x000000000200133c                vb2_digest_finalize
 .text.vb2_hash_calculate
                0x00000000020013c9       0xa7 build/postcar/external/vboot_reference-postcar/../../../external/vboot_reference-postcar/vboot_fw.a(2sha_utility.o)
                0x00000000020013c9                vb2_hash_calculate
 .text.vb2ex_hwcrypto_digest_init
                0x0000000002001470        0x6 build/postcar/external/vboot_reference-postcar/../../../external/vboot_reference-postcar/vboot_fw.a(2stub_hwcrypto.o)
                0x0000000002001470                vb2ex_hwcrypto_digest_init
 .text.vb2ex_hwcrypto_digest_extend
                0x0000000002001476        0x6 build/postcar/external/vboot_reference-postcar/../../../external/vboot_reference-postcar/vboot_fw.a(2stub_hwcrypto.o)
                0x0000000002001476                vb2ex_hwcrypto_digest_extend
 .text.vb2ex_hwcrypto_digest_finalize
                0x000000000200147c        0x6 build/postcar/external/vboot_reference-postcar/../../../external/vboot_reference-postcar/vboot_fw.a(2stub_hwcrypto.o)
                0x000000000200147c                vb2ex_hwcrypto_digest_finalize
 .text.arch_prog_run
                0x0000000002001482        0xe build/postcar/arch/x86/boot.o
                0x0000000002001482                arch_prog_run
 .text.do_full_reset
                0x0000000002001490        0xe build/postcar/arch/x86/cf9_reset.o
                0x0000000002001490                do_full_reset
 .text.full_reset
                0x000000000200149e       0x1e build/postcar/arch/x86/cf9_reset.o
                0x000000000200149e                full_reset
 .text.memcpy   0x00000000020014bc       0x21 build/postcar/arch/x86/memcpy.o
                0x00000000020014bc                memcpy
 *fill*         0x00000000020014dd        0x3 
 .text.memmove  0x00000000020014e0      0x185 build/postcar/arch/x86/memmove.o
                0x00000000020014e0                memmove
 .text.memset   0x0000000002001665       0x43 build/postcar/arch/x86/memset.o
                0x0000000002001665                memset
 .text.boot_device_ro
                0x00000000020016a8        0x6 build/postcar/arch/x86/mmap_boot.o
                0x00000000020016a8                boot_device_ro
 .text.arch_post_code
                0x00000000020016ae        0x7 build/postcar/arch/x86/post.o
                0x00000000020016ae                arch_post_code
 .text.late_car_teardown
                0x00000000020016b5        0x1 build/postcar/arch/x86/postcar.o
                0x00000000020016b5                late_car_teardown
 .text.startup.main
                0x00000000020016b6       0x3b build/postcar/arch/x86/postcar.o
                0x00000000020016b6                main
 .text.timestamp_get
                0x00000000020016f1        0xf build/postcar/arch/x86/timestamp.o
                0x00000000020016f1                timestamp_get
 .text.cbfs_mcache_lookup
                0x0000000002001700      0x106 build/postcar/commonlib/bsd/cbfs_mcache.o
                0x0000000002001700                cbfs_mcache_lookup
 .text.cbfs_walk
                0x0000000002001806      0x1e5 build/postcar/commonlib/bsd/cbfs_private.o
                0x0000000002001806                cbfs_walk
 .text.cbfs_copy_fill_metadata
                0x00000000020019eb       0x6f build/postcar/commonlib/bsd/cbfs_private.o
                0x00000000020019eb                cbfs_copy_fill_metadata
 .text.lookup_walker
                0x0000000002001a5a       0x89 build/postcar/commonlib/bsd/cbfs_private.o
 .text.cbfs_lookup
                0x0000000002001ae3       0x48 build/postcar/commonlib/bsd/cbfs_private.o
                0x0000000002001ae3                cbfs_lookup
 .text.cbfs_find_attr
                0x0000000002001b2b       0x93 build/postcar/commonlib/bsd/cbfs_private.o
                0x0000000002001b2b                cbfs_find_attr
 .text.LZ4_wildCopy
                0x0000000002001bbe       0x1a build/postcar/commonlib/bsd/lz4_wrapper.o
 .text.ulz4fn.part.0
                0x0000000002001bd8      0x351 build/postcar/commonlib/bsd/lz4_wrapper.o
 .text.ulz4fn   0x0000000002001f29       0x24 build/postcar/commonlib/bsd/lz4_wrapper.o
                0x0000000002001f29                ulz4fn
 .text.mem_pool_alloc
                0x0000000002001f4d       0x3e build/postcar/commonlib/mem_pool.o
                0x0000000002001f4d                mem_pool_alloc
 .text.mdev_mmap
                0x0000000002001f8b        0xc build/postcar/commonlib/region.o
 .text.mdev_munmap
                0x0000000002001f97        0x3 build/postcar/commonlib/region.o
 .text.mdev_readat
                0x0000000002001f9a       0x24 build/postcar/commonlib/region.o
 .text.region_is_subregion
                0x0000000002001fbe       0x39 build/postcar/commonlib/region.o
                0x0000000002001fbe                region_is_subregion
 .text.normalize_and_ok
                0x0000000002001ff7        0xe build/postcar/commonlib/region.o
 .text.rdev_mmap
                0x0000000002002005       0x58 build/postcar/commonlib/region.o
                0x0000000002002005                rdev_mmap
 .text.rdev_munmap
                0x000000000200205d       0x1f build/postcar/commonlib/region.o
                0x000000000200205d                rdev_munmap
 .text.rdev_readat
                0x000000000200207c       0x61 build/postcar/commonlib/region.o
                0x000000000200207c                rdev_readat
 .text.rdev_chain
                0x00000000020020dd       0x56 build/postcar/commonlib/region.o
                0x00000000020020dd                rdev_chain
 .text.rdev_chain_mem
                0x0000000002002133       0x1a build/postcar/commonlib/region.o
                0x0000000002002133                rdev_chain_mem
 .text.console_hw_init
                0x000000000200214d       0x16 build/postcar/console/console.o
                0x000000000200214d                console_hw_init
 .text.console_interactive_tx_byte
                0x0000000002002163       0x31 build/postcar/console/console.o
                0x0000000002002163                console_interactive_tx_byte
 .text.console_stored_tx_byte
                0x0000000002002194        0xe build/postcar/console/console.o
                0x0000000002002194                console_stored_tx_byte
 .text.console_tx_byte
                0x00000000020021a2       0x1e build/postcar/console/console.o
                0x00000000020021a2                console_tx_byte
 .text.console_tx_flush
                0x00000000020021c0        0xe build/postcar/console/console.o
                0x00000000020021c0                console_tx_flush
 .text.die_notify
                0x00000000020021ce        0x1 build/postcar/console/die.o
                0x00000000020021ce                die_notify
 .text.die      0x00000000020021cf       0x1e build/postcar/console/die.o
                0x00000000020021cf                die
 .text.get_log_level
                0x00000000020021ed       0x12 build/postcar/console/init.o
                0x00000000020021ed                get_log_level
 .text.console_log_level
                0x00000000020021ff       0x23 build/postcar/console/init.o
                0x00000000020021ff                console_log_level
 .text.console_init
                0x0000000002002222       0x43 build/postcar/console/init.o
                0x0000000002002222                console_init
 .text.mainboard_post
                0x0000000002002265        0x1 build/postcar/console/post.o
                0x0000000002002265                mainboard_post
 .text.post_code
                0x0000000002002266       0x1c build/postcar/console/post.o
                0x0000000002002266                post_code
 .text.console_time_run
                0x0000000002002282       0x20 build/postcar/console/printk.o
 .text.console_time_stop
                0x00000000020022a2       0x31 build/postcar/console/printk.o
 .text.wrap_putchar
                0x00000000020022d3       0x77 build/postcar/console/printk.o
 .text.vprintk  0x000000000200234a       0x69 build/postcar/console/printk.o
                0x000000000200234a                vprintk
 .text.lock     0x00000000020023b3       0x10 build/postcar/console/printk.o
 .text.printk   0x00000000020023c3       0x1a build/postcar/console/printk.o
                0x00000000020023c3                printk
 .text.console_time_report
                0x00000000020023dd       0x32 build/postcar/console/printk.o
                0x00000000020023dd                console_time_report
 .text.str_tx_byte
                0x000000000200240f       0x18 build/postcar/console/vsprintf.o
 .text.vsnprintf
                0x0000000002002427       0x47 build/postcar/console/vsprintf.o
                0x0000000002002427                vsnprintf
 .text.snprintf
                0x000000000200246e       0x1d build/postcar/console/vsprintf.o
                0x000000000200246e                snprintf
 .text.number   0x000000000200248b      0x2e8 build/postcar/console/vtxprintf.o
 .text.vtxprintf
                0x0000000002002773      0x43a build/postcar/console/vtxprintf.o
                0x0000000002002773                vtxprintf
 .text.boot_cpu
                0x0000000002002bad        0xe build/postcar/cpu/x86/lapic/boot_cpu.o
                0x0000000002002bad                boot_cpu
 .text.display_mtrrs
                0x0000000002002bbb        0x1 build/postcar/cpu/x86/mtrr/debug.o
                0x0000000002002bbb                display_mtrrs
 .text.clear_all_var_mtrr
                0x0000000002002bbc       0x32 build/postcar/cpu/x86/mtrr/earlymtrr.o
                0x0000000002002bbc                clear_all_var_mtrr
 .text.commit_mtrr_setup
                0x0000000002002bee       0x51 build/postcar/cpu/x86/mtrr/earlymtrr.o
                0x0000000002002bee                commit_mtrr_setup
 .text.postcar_mtrr_setup
                0x0000000002002c3f        0xd build/postcar/cpu/x86/mtrr/earlymtrr.o
                0x0000000002002c3f                postcar_mtrr_setup
 .text.smm_subregion
                0x0000000002002c4c       0xce build/postcar/cpu/x86/smm/tseg_region.o
                0x0000000002002c4c                smm_subregion
 .text.stage_cache_external_region
                0x0000000002002d1a       0x3e build/postcar/cpu/x86/smm/tseg_region.o
                0x0000000002002d1a                stage_cache_external_region
 .text.timer_monotonic_get
                0x0000000002002d58       0xb4 build/postcar/cpu/x86/tsc/delay_tsc.o
                0x0000000002002d58                timer_monotonic_get
 .text.uart_platform_base
                0x0000000002002e0c       0x13 build/postcar/drivers/uart/uart8250io.o
                0x0000000002002e0c                uart_platform_base
 .text.uart_init
                0x0000000002002e1f       0x66 build/postcar/drivers/uart/uart8250io.o
                0x0000000002002e1f                uart_init
 .text.uart_tx_byte
                0x0000000002002e85       0x2b build/postcar/drivers/uart/uart8250io.o
                0x0000000002002e85                uart_tx_byte
 .text.uart_tx_flush
                0x0000000002002eb0       0x1b build/postcar/drivers/uart/uart8250io.o
                0x0000000002002eb0                uart_tx_flush
 .text.uart_baudrate_divisor
                0x0000000002002ecb       0x17 build/postcar/drivers/uart/util.o
                0x0000000002002ecb                uart_baudrate_divisor
 .text.uart_input_clock_divider
                0x0000000002002ee2        0x6 build/postcar/drivers/uart/util.o
                0x0000000002002ee2                uart_input_clock_divider
 .text.uart_platform_refclk
                0x0000000002002ee8        0x6 build/postcar/drivers/uart/util.o
                0x0000000002002ee8                uart_platform_refclk
 .text.boot_device_init
                0x0000000002002eee        0x1 build/postcar/lib/boot_device.o
                0x0000000002002eee                boot_device_init
 .text.boot_device_ro_subregion
                0x0000000002002eef       0x32 build/postcar/lib/boot_device.o
                0x0000000002002eef                boot_device_ro_subregion
 .text.cbfs_file_hash_mismatch.constprop.0
                0x0000000002002f21       0x6a build/postcar/lib/cbfs.o
 .text.cbfs_load_and_decompress.isra.0
                0x0000000002002f8b      0x11b build/postcar/lib/cbfs.o
 .text.do_alloc.isra.0
                0x00000000020030a6       0xfd build/postcar/lib/cbfs.o
 .text.cbfs_boot_device_find_mcache
                0x00000000020031a3       0x40 build/postcar/lib/cbfs.o
                0x00000000020031a3                cbfs_boot_device_find_mcache
 .text.cbfs_get_boot_device
                0x00000000020031e3       0x64 build/postcar/lib/cbfs.o
                0x00000000020031e3                cbfs_get_boot_device
 .text._cbfs_boot_lookup
                0x0000000002003247       0xc9 build/postcar/lib/cbfs.o
                0x0000000002003247                _cbfs_boot_lookup
 .text._cbfs_alloc
                0x0000000002003310       0x98 build/postcar/lib/cbfs.o
                0x0000000002003310                _cbfs_alloc
 .text.cbmem_run_init_hooks
                0x00000000020033a8       0x31 build/postcar/lib/cbmem_common.o
                0x00000000020033a8                cbmem_run_init_hooks
 .text.cbmemc_init
                0x00000000020033d9       0x3b build/postcar/lib/cbmem_console.o
                0x00000000020033d9                cbmemc_init
 .text.cbmemc_tx_byte
                0x0000000002003414       0x4c build/postcar/lib/cbmem_console.o
                0x0000000002003414                cbmemc_tx_byte
 .text.copy_console_buffer
                0x0000000002003460       0x7d build/postcar/lib/cbmem_console.o
 .text.cbmemc_reinit
                0x00000000020034dd       0x56 build/postcar/lib/cbmem_console.o
 .text.stage_cache_setup
                0x0000000002003533       0xc5 build/postcar/lib/ext_stage_cache.o
 .text.stage_cache_add
                0x00000000020035f8       0xb3 build/postcar/lib/ext_stage_cache.o
                0x00000000020035f8                stage_cache_add
 .text.stage_cache_load_stage
                0x00000000020036ab       0xaf build/postcar/lib/ext_stage_cache.o
                0x00000000020036ab                stage_cache_load_stage
 .text.fmap_setup_cbmem_cache
                0x000000000200375a       0x41 build/postcar/lib/fmap.o
 .text.find_fmap_directory
                0x000000000200379b      0x121 build/postcar/lib/fmap.o
 .text.fmap_locate_area
                0x00000000020038bc       0xab build/postcar/lib/fmap.o
                0x00000000020038bc                fmap_locate_area
 .text.fmap_locate_area_as_rdev
                0x0000000002003967       0x32 build/postcar/lib/fmap.o
                0x0000000002003967                fmap_locate_area_as_rdev
 .text.__wrap___udivdi3
                0x0000000002003999        0x5 build/postcar/lib/gcc.o
                0x0000000002003999                __wrap___udivdi3
 .text.halt     0x000000000200399e        0x3 build/postcar/lib/halt.o
                0x000000000200399e                halt
 .text.imdr_recover
                0x00000000020039a1       0x9d build/postcar/lib/imd.o
 .text.imdr_create_empty
                0x0000000002003a3e       0xdc build/postcar/lib/imd.o
 .text.imdr_entry_find.isra.0
                0x0000000002003b1a       0x2a build/postcar/lib/imd.o
 .text.imdr_entry_add.isra.0
                0x0000000002003b44       0x71 build/postcar/lib/imd.o
 .text.imd_entry_to_imdr
                0x0000000002003bb5       0x40 build/postcar/lib/imd.o
 .text.imd_handle_init
                0x0000000002003bf5       0x26 build/postcar/lib/imd.o
                0x0000000002003bf5                imd_handle_init
 .text.imd_create_tiered_empty
                0x0000000002003c1b       0xae build/postcar/lib/imd.o
                0x0000000002003c1b                imd_create_tiered_empty
 .text.imd_recover
                0x0000000002003cc9       0x60 build/postcar/lib/imd.o
                0x0000000002003cc9                imd_recover
 .text.imd_limit_size
                0x0000000002003d29       0x2a build/postcar/lib/imd.o
                0x0000000002003d29                imd_limit_size
 .text.imd_entry_add
                0x0000000002003d53       0x59 build/postcar/lib/imd.o
                0x0000000002003d53                imd_entry_add
 .text.imd_entry_find
                0x0000000002003dac       0x20 build/postcar/lib/imd.o
                0x0000000002003dac                imd_entry_find
 .text.imd_entry_find_or_add
                0x0000000002003dcc       0x34 build/postcar/lib/imd.o
                0x0000000002003dcc                imd_entry_find_or_add
 .text.imd_entry_size
                0x0000000002003e00        0x8 build/postcar/lib/imd.o
                0x0000000002003e00                imd_entry_size
 .text.imd_entry_at
                0x0000000002003e08       0x1e build/postcar/lib/imd.o
                0x0000000002003e08                imd_entry_at
 .text.cbmem_top
                0x0000000002003e26        0x6 build/postcar/lib/imd_cbmem.o
                0x0000000002003e26                cbmem_top
 .text.cbmem_add
                0x0000000002003e2c       0x36 build/postcar/lib/imd_cbmem.o
                0x0000000002003e2c                cbmem_add
 .text.cbmem_initialize_id_size
                0x0000000002003e62       0x69 build/postcar/lib/imd_cbmem.o
                0x0000000002003e62                cbmem_initialize_id_size
 .text.cbmem_initialize
                0x0000000002003ecb       0x12 build/postcar/lib/imd_cbmem.o
                0x0000000002003ecb                cbmem_initialize
 .text.cbmem_entry_find
                0x0000000002003edd       0x15 build/postcar/lib/imd_cbmem.o
                0x0000000002003edd                cbmem_entry_find
 .text.cbmem_find
                0x0000000002003ef2       0x2c build/postcar/lib/imd_cbmem.o
                0x0000000002003ef2                cbmem_find
 .text.cbmem_entry_size
                0x0000000002003f1e       0x12 build/postcar/lib/imd_cbmem.o
                0x0000000002003f1e                cbmem_entry_size
 .text.cbmem_entry_start
                0x0000000002003f30       0x15 build/postcar/lib/imd_cbmem.o
                0x0000000002003f30                cbmem_entry_start
 .text.ulzman   0x0000000002003f45       0xce build/postcar/lib/lzma.o
                0x0000000002003f45                ulzman
 .text.LzmaDecodeProperties
                0x0000000002004013       0x40 build/postcar/lib/lzmadecode.o
                0x0000000002004013                LzmaDecodeProperties
 .text.LzmaDecode
                0x0000000002004053      0xce7 build/postcar/lib/lzmadecode.o
                0x0000000002004053                LzmaDecode
 .text.memcmp   0x0000000002004d3a       0x26 build/postcar/lib/memcmp.o
                0x0000000002004d3a                memcmp
 .text.prog_locate_hook
                0x0000000002004d60        0x3 build/postcar/lib/prog_loaders.o
                0x0000000002004d60                prog_locate_hook
 .text.run_ramstage
                0x0000000002004d63      0x10a build/postcar/lib/prog_loaders.o
                0x0000000002004d63                run_ramstage
 .text.platform_segment_loaded
                0x0000000002004e6d        0x1 build/postcar/lib/prog_ops.o
                0x0000000002004e6d                platform_segment_loaded
 .text.arch_segment_loaded
                0x0000000002004e6e        0x1 build/postcar/lib/prog_ops.o
                0x0000000002004e6e                arch_segment_loaded
 .text.prog_segment_loaded
                0x0000000002004e6f       0x2f build/postcar/lib/prog_ops.o
                0x0000000002004e6f                prog_segment_loaded
 .text.platform_prog_run
                0x0000000002004e9e        0x1 build/postcar/lib/prog_ops.o
                0x0000000002004e9e                platform_prog_run
 .text.prog_run
                0x0000000002004e9f       0x1b build/postcar/lib/prog_ops.o
                0x0000000002004e9f                prog_run
 .text.board_reset
                0x0000000002004eba       0x20 build/postcar/lib/reset.o
                0x0000000002004eba                board_reset
 .text.rmodule_cbfs_allocator
                0x0000000002004eda       0x6a build/postcar/lib/rmodule.o
 .text.rmodule_parse
                0x0000000002004f44       0x43 build/postcar/lib/rmodule.o
                0x0000000002004f44                rmodule_parse
 .text.rmodule_parameters
                0x0000000002004f87       0x1e build/postcar/lib/rmodule.o
                0x0000000002004f87                rmodule_parameters
 .text.rmodule_entry
                0x0000000002004fa5       0x14 build/postcar/lib/rmodule.o
                0x0000000002004fa5                rmodule_entry
 .text.rmodule_load
                0x0000000002004fb9       0xdc build/postcar/lib/rmodule.o
                0x0000000002004fb9                rmodule_load
 .text.rmodule_stage_load
                0x0000000002005095       0xb8 build/postcar/lib/rmodule.o
                0x0000000002005095                rmodule_stage_load
 .text.romstage_handoff_is_resume
                0x000000000200514d       0x5f build/postcar/lib/romstage_handoff.o
                0x000000000200514d                romstage_handoff_is_resume
 .text.strnlen  0x00000000020051ac       0x16 build/postcar/lib/string.o
                0x00000000020051ac                strnlen
 .text.strlen   0x00000000020051c2       0x10 build/postcar/lib/string.o
                0x00000000020051c2                strlen
 .text.strncpy  0x00000000020051d2       0x30 build/postcar/lib/string.o
                0x00000000020051d2                strncpy
 .text.strcmp   0x0000000002005202       0x20 build/postcar/lib/string.o
                0x0000000002005202                strcmp
 .text.skip_atoi
                0x0000000002005222       0x27 build/postcar/lib/string.o
                0x0000000002005222                skip_atoi
 .text.timestamp_reinit
                0x0000000002005249       0x46 build/postcar/lib/timestamp.o
 .text.timestamp_add
                0x000000000200528f       0x8f build/postcar/lib/timestamp.o
                0x000000000200528f                timestamp_add
 .text.timestamp_add_now
                0x000000000200531e       0x18 build/postcar/lib/timestamp.o
                0x000000000200531e                timestamp_add_now
 .text.tspi_cbfs_measurement
                0x0000000002005336       0x82 build/postcar/security/tpm/tspi/crtm.o
                0x0000000002005336                tspi_cbfs_measurement
 .text.tcpa_log_init
                0x00000000020053b8       0x50 build/postcar/security/tpm/tspi/log.o
                0x00000000020053b8                tcpa_log_init
 .text.tcpa_log_add_table_entry
                0x0000000002005408       0xef build/postcar/security/tpm/tspi/log.o
                0x0000000002005408                tcpa_log_add_table_entry
 .text.tpm_extend_pcr
                0x00000000020054f7       0x4a build/postcar/security/tpm/tspi/tspi.o
                0x00000000020054f7                tpm_extend_pcr
 .text.vboot_get_context
                0x0000000002005541       0x6b build/postcar/security/vboot/common.o
                0x0000000002005541                vboot_get_context
 .text.vboot_locate_firmware
                0x00000000020055ac       0x45 build/postcar/security/vboot/common.o
                0x00000000020055ac                vboot_locate_firmware
 .text.vb2ex_printf
                0x00000000020055f1       0x31 build/postcar/security/vboot/vboot_lib.o
                0x00000000020055f1                vb2ex_printf
 .text.vb2ex_abort
                0x0000000002005622        0xd build/postcar/security/vboot/vboot_lib.o
                0x0000000002005622                vb2ex_abort
 .text.vboot_run_logic
                0x000000000200562f        0x1 build/postcar/security/vboot/vboot_loader.o
                0x000000000200562f                vboot_run_logic
 .text.vboot_get_cbfs_boot_device
                0x0000000002005630       0x54 build/postcar/security/vboot/vboot_loader.o
                0x0000000002005630                vboot_get_cbfs_boot_device
 .text.smm_region
                0x0000000002005684       0x1d build/postcar/soc/intel/common/block/systemagent/memmap.o
                0x0000000002005684                smm_region
 .text.sa_get_gsm_base
                0x00000000020056a1       0x11 build/postcar/soc/intel/common/block/systemagent/systemagent_early.o
                0x00000000020056a1                sa_get_gsm_base
 .text.sa_get_tseg_base
                0x00000000020056b2       0x11 build/postcar/soc/intel/common/block/systemagent/systemagent_early.o
                0x00000000020056b2                sa_get_tseg_base
 .text.sa_get_tseg_size
                0x00000000020056c3       0x13 build/postcar/soc/intel/common/block/systemagent/systemagent_early.o
                0x00000000020056c3                sa_get_tseg_size
 .text.tsc_freq_mhz
                0x00000000020056d6       0xc4 build/postcar/soc/intel/common/block/timer/timer.o
                0x00000000020056d6                tsc_freq_mhz
 .text.do_board_reset
                0x000000000200579a        0x8 build/postcar/soc/intel/common/reset.o
                0x000000000200579a                do_board_reset
                0x00000000020057a8                . = ALIGN (0x8)
 *fill*         0x00000000020057a2        0x6 
                0x00000000020057a8                _cbmem_init_hooks = .
 *(.rodata.cbmem_init_hooks_early)
 .rodata.cbmem_init_hooks_early
                0x00000000020057a8        0x4 build/postcar/lib/cbmem_console.o
 *(.rodata.cbmem_init_hooks)
 .rodata.cbmem_init_hooks
                0x00000000020057ac        0x4 build/postcar/lib/ext_stage_cache.o
 .rodata.cbmem_init_hooks
                0x00000000020057b0        0x4 build/postcar/lib/fmap.o
 .rodata.cbmem_init_hooks
                0x00000000020057b4        0x4 build/postcar/lib/timestamp.o
                0x00000000020057b8                _ecbmem_init_hooks = .
                0x0000000000000010                _cbmem_init_hooks_size = ABSOLUTE ((_ecbmem_init_hooks - _cbmem_init_hooks))
                0x00000000020057b8                . = ALIGN (0x8)
                0x00000000020057b8                _rsbe_init_begin = .
 *(.rsbe_init)
                0x00000000020057b8                _ersbe_init_begin = .
                0x0000000000000000                _rsbe_init_begin_size = ABSOLUTE ((_ersbe_init_begin - _rsbe_init_begin))
                0x00000000020057b8                . = ALIGN (0x8)
 *(.rodata)
 .rodata        0x00000000020057b8        0x2 build/postcar/external/vboot_reference-postcar/../../../external/vboot_reference-postcar/vboot_fw.a(2sha1.o)
 *fill*         0x00000000020057ba        0x6 
 .rodata        0x00000000020057c0       0x40 build/postcar/commonlib/bsd/lz4_wrapper.o
 *(.rodata.*)
 .rodata.vb2_get_hash_algorithm_name.str1.1
                0x0000000002005800        0x8 build/postcar/external/vboot_reference-postcar/../../../external/vboot_reference-postcar/vboot_fw.a(2crypto.o)
 .rodata.str1.1
                0x0000000002005808      0x1a5 build/postcar/external/vboot_reference-postcar/../../../external/vboot_reference-postcar/vboot_fw.a(2crypto.o)
                                        0x1b8 (size before relaxing)
 *fill*         0x00000000020059ad        0x3 
 .rodata.vb2_hash_names
                0x00000000020059b0       0x18 build/postcar/external/vboot_reference-postcar/../../../external/vboot_reference-postcar/vboot_fw.a(2crypto.o)
                0x00000000020059b0                vb2_hash_names
 .rodata.vb2_secdata_kernel_get.str1.1
                0x00000000020059c8       0x8a build/postcar/external/vboot_reference-postcar/../../../external/vboot_reference-postcar/vboot_fw.a(2secdata_kernel.o)
                                         0x8e (size before relaxing)
 *fill*         0x0000000002005a52        0x2 
 .rodata.__func__.3
                0x0000000002005a54       0x17 build/postcar/external/vboot_reference-postcar/../../../external/vboot_reference-postcar/vboot_fw.a(2secdata_kernel.o)
 .rodata.vb2_sha1_finalize.str1.1
                0x0000000002005a6b        0x2 build/postcar/external/vboot_reference-postcar/../../../external/vboot_reference-postcar/vboot_fw.a(2sha1.o)
 *fill*         0x0000000002005a6d       0x13 
 .rodata.vb2_sha256_k
                0x0000000002005a80      0x100 build/postcar/external/vboot_reference-postcar/../../../external/vboot_reference-postcar/vboot_fw.a(2sha256.o)
                0x0000000002005a80                vb2_sha256_k
 .rodata.sha224_h0
                0x0000000002005b80       0x20 build/postcar/external/vboot_reference-postcar/../../../external/vboot_reference-postcar/vboot_fw.a(2sha256.o)
 .rodata.vb2_sha256_h0
                0x0000000002005ba0       0x20 build/postcar/external/vboot_reference-postcar/../../../external/vboot_reference-postcar/vboot_fw.a(2sha256.o)
                0x0000000002005ba0                vb2_sha256_h0
 .rodata.sha512_k
                0x0000000002005bc0      0x280 build/postcar/external/vboot_reference-postcar/../../../external/vboot_reference-postcar/vboot_fw.a(2sha512.o)
 .rodata.sha384_h0
                0x0000000002005e40       0x40 build/postcar/external/vboot_reference-postcar/../../../external/vboot_reference-postcar/vboot_fw.a(2sha512.o)
 .rodata.sha512_h0
                0x0000000002005e80       0x40 build/postcar/external/vboot_reference-postcar/../../../external/vboot_reference-postcar/vboot_fw.a(2sha512.o)
 .rodata.vb2_digest_init.str1.1
                0x0000000002005ec0       0x68 build/postcar/external/vboot_reference-postcar/../../../external/vboot_reference-postcar/vboot_fw.a(2sha_utility.o)
 .rodata.vb2_digest_init
                0x0000000002005f28       0x14 build/postcar/external/vboot_reference-postcar/../../../external/vboot_reference-postcar/vboot_fw.a(2sha_utility.o)
 .rodata.vb2_digest_extend
                0x0000000002005f3c       0x14 build/postcar/external/vboot_reference-postcar/../../../external/vboot_reference-postcar/vboot_fw.a(2sha_utility.o)
 .rodata.vb2_digest_finalize
                0x0000000002005f50       0x14 build/postcar/external/vboot_reference-postcar/../../../external/vboot_reference-postcar/vboot_fw.a(2sha_utility.o)
 .rodata.vb2_hash_calculate.str1.1
                0x0000000002005f64       0x64 build/postcar/external/vboot_reference-postcar/../../../external/vboot_reference-postcar/vboot_fw.a(2sha_utility.o)
 .rodata.CSWTCH.1
                0x0000000002005fc8        0x5 build/postcar/external/vboot_reference-postcar/../../../external/vboot_reference-postcar/vboot_fw.a(2sha_utility.o)
 *fill*         0x0000000002005fcd        0x3 
 .rodata.__func__.1
                0x0000000002005fd0       0x13 build/postcar/external/vboot_reference-postcar/../../../external/vboot_reference-postcar/vboot_fw.a(2sha_utility.o)
 *fill*         0x0000000002005fe3        0x1 
 .rodata.__func__.2
                0x0000000002005fe4       0x10 build/postcar/external/vboot_reference-postcar/../../../external/vboot_reference-postcar/vboot_fw.a(2sha_utility.o)
 .rodata.system_reset.str1.1
                0x0000000002005ff4        0xe build/postcar/arch/x86/cf9_reset.o
 *fill*         0x0000000002006002        0x2 
 .rodata.__func__.0
                0x0000000002006004        0xb build/postcar/arch/x86/cf9_reset.o
 *fill*         0x000000000200600f        0x1 
 .rodata.boot_dev
                0x0000000002006010       0x14 build/postcar/arch/x86/mmap_boot.o
 .rodata.cbfs_mcache_build.str1.1
                0x0000000002006024       0xc3 build/postcar/commonlib/bsd/cbfs_mcache.o
 .rodata.cbfs_mcache_lookup.str1.1
                0x00000000020060e7       0x5a build/postcar/commonlib/bsd/cbfs_mcache.o
 .rodata.cbfs_walk.str1.1
                0x0000000002006141       0x73 build/postcar/commonlib/bsd/cbfs_private.o
                                         0x98 (size before relaxing)
 .rodata.lookup_walker.str1.1
                0x00000000020061b4       0x21 build/postcar/commonlib/bsd/cbfs_private.o
 .rodata.cbfs_find_attr.str1.1
                0x00000000020061d5       0x68 build/postcar/commonlib/bsd/cbfs_private.o
 *fill*         0x000000000200623d        0x3 
 .rodata.mem_rdev
                0x0000000002006240       0x14 build/postcar/commonlib/region.o
 .rodata.mem_rdev_ro_ops
                0x0000000002006254       0x14 build/postcar/commonlib/region.o
                0x0000000002006254                mem_rdev_ro_ops
 .rodata.console_init.str1.1
                0x0000000002006268       0x38 build/postcar/console/init.o
 .rodata.console_time_report.str1.1
                0x00000000020062a0       0x3e build/postcar/console/printk.o
 .rodata.number.str1.1
                0x00000000020062de       0x22 build/postcar/console/vtxprintf.o
 .rodata.vtxprintf.str1.1
                0x0000000002006300        0x7 build/postcar/console/vtxprintf.o
 *fill*         0x0000000002006307        0x1 
 .rodata.vtxprintf
                0x0000000002006308       0x58 build/postcar/console/vtxprintf.o
 .rodata.smm_subregion.str1.1
                0x0000000002006360       0x1e build/postcar/cpu/x86/smm/tseg_region.o
                                         0x43 (size before relaxing)
 .rodata.stage_cache_external_region.str1.1
                0x000000000200637e       0x19 build/postcar/cpu/x86/smm/tseg_region.o
 *fill*         0x0000000002006397        0x1 
 .rodata.pci_mmconf
                0x0000000002006398        0x4 build/postcar/device/pci_ops.o
                0x0000000002006398                pci_mmconf
 .rodata.bases  0x000000000200639c       0x10 build/postcar/drivers/uart/uart8250io.o
 .rodata.cbfs_file_hash_mismatch.constprop.0.str1.1
                0x00000000020063ac       0x32 build/postcar/lib/cbfs.o
 .rodata.do_alloc.isra.0.str1.1
                0x00000000020063de       0x63 build/postcar/lib/cbfs.o
 .rodata.cbfs_get_boot_device.str1.1
                0x0000000002006441       0x24 build/postcar/lib/cbfs.o
 .rodata._cbfs_boot_lookup.str1.1
                0x0000000002006465       0x67 build/postcar/lib/cbfs.o
 .rodata._cbfs_alloc.str1.1
                0x00000000020064cc       0x35 build/postcar/lib/cbfs.o
 .rodata.copy_console_buffer.str1.1
                0x0000000002006501       0x3f build/postcar/lib/cbmem_console.o
 .rodata.stage_cache_setup.str1.1
                0x0000000002006540       0x63 build/postcar/lib/ext_stage_cache.o
 .rodata.stage_cache_add.str1.1
                0x00000000020065a3       0x4d build/postcar/lib/ext_stage_cache.o
 .rodata.stage_cache_load_stage.str1.1
                0x00000000020065f0       0x4f build/postcar/lib/ext_stage_cache.o
 .rodata.find_fmap_directory.str1.1
                0x000000000200663f       0xbc build/postcar/lib/fmap.o
 .rodata.fmap_locate_area.str1.1
                0x00000000020066fb       0x25 build/postcar/lib/fmap.o
 .rodata.imdr_create_empty.str1.1
                0x0000000002006720       0x2a build/postcar/lib/imd.o
                                         0x4f (size before relaxing)
 .rodata.ulzman.str1.1
                0x000000000200674a       0x7c build/postcar/lib/lzma.o
 .rodata.run_ramstage.str1.1
                0x00000000020067c6       0x58 build/postcar/lib/prog_loaders.o
 .rodata.board_reset.str1.1
                0x000000000200681e        0xe build/postcar/lib/reset.o
 *fill*         0x000000000200681e        0x2 
 .rodata.__func__.0
                0x0000000002006820        0xc build/postcar/lib/reset.o
 .rodata.rmodule_cbfs_allocator.str1.1
                0x000000000200682c       0x23 build/postcar/lib/rmodule.o
 .rodata.rmodule_load.str1.1
                0x000000000200684f       0x94 build/postcar/lib/rmodule.o
 .rodata.romstage_handoff_is_resume.str1.1
                0x00000000020068e3       0x18 build/postcar/lib/romstage_handoff.o
 .rodata.timestamp_reinit.str1.1
                0x00000000020068fb       0x1e build/postcar/lib/timestamp.o
 .rodata.timestamp_add.str1.1
                0x0000000002006919       0x30 build/postcar/lib/timestamp.o
 *fill*         0x0000000002006949        0x3 
 .rodata.coreboot_build
                0x000000000200694c       0x1d build/postcar/lib/version.o
                0x000000000200694c                coreboot_build
 *fill*         0x0000000002006969        0x3 
 .rodata.coreboot_extra_version
                0x000000000200696c        0x9 build/postcar/lib/version.o
                0x000000000200696c                coreboot_extra_version
 *fill*         0x0000000002006975        0xb 
 .rodata.coreboot_version
                0x0000000002006980       0x31 build/postcar/lib/version.o
                0x0000000002006980                coreboot_version
 .rodata.tspi_cbfs_measurement.str1.1
                0x00000000020069b1        0x9 build/postcar/security/tpm/tspi/crtm.o
 .rodata.tcpa_log_add_table_entry.str1.1
                0x00000000020069ba       0x84 build/postcar/security/tpm/tspi/log.o
 .rodata.tpm_extend_pcr.str1.1
                0x0000000002006a3e       0x29 build/postcar/security/tpm/tspi/tspi.o
 .rodata.vboot_get_context.str1.1
                0x0000000002006a67       0x1c build/postcar/security/vboot/common.o
                                         0x41 (size before relaxing)
 .rodata.vboot_locate_firmware.str1.1
                0x0000000002006a83       0x14 build/postcar/security/vboot/common.o
 .rodata.vb2ex_printf.str1.1
                0x0000000002006a97        0xa build/postcar/security/vboot/vboot_lib.o
 .rodata.vb2ex_abort.str1.1
                0x0000000002006aa1       0x23 build/postcar/security/vboot/vboot_lib.o
                0x0000000002006ac8                . = ALIGN (0x8)
 *fill*         0x0000000002006ac4        0x4 
                0x0000000002006ac8                _etext = .
                0x0000000000006ac8                _text_size = ABSOLUTE ((_etext - _text))

.iplt           0x0000000002006ac8        0x0
 .iplt          0x0000000002006ac8        0x0 build/postcar/external/vboot_reference-postcar/../../../external/vboot_reference-postcar/vboot_fw.a(2api.o)

.rel.dyn        0x0000000002006ac8        0x0
 .rel.got       0x0000000002006ac8        0x0 build/postcar/external/vboot_reference-postcar/../../../external/vboot_reference-postcar/vboot_fw.a(2api.o)
 .rel.iplt      0x0000000002006ac8        0x0 build/postcar/external/vboot_reference-postcar/../../../external/vboot_reference-postcar/vboot_fw.a(2api.o)
 .rel.text.vb2_digest_init
                0x0000000002006ac8        0x0 build/postcar/external/vboot_reference-postcar/../../../external/vboot_reference-postcar/vboot_fw.a(2api.o)
 .rel.text.vb2_digest_extend
                0x0000000002006ac8        0x0 build/postcar/external/vboot_reference-postcar/../../../external/vboot_reference-postcar/vboot_fw.a(2api.o)
 .rel.text.vb2_digest_finalize
                0x0000000002006ac8        0x0 build/postcar/external/vboot_reference-postcar/../../../external/vboot_reference-postcar/vboot_fw.a(2api.o)
 .rel.text.startup.main
                0x0000000002006ac8        0x0 build/postcar/external/vboot_reference-postcar/../../../external/vboot_reference-postcar/vboot_fw.a(2api.o)
 .rel.text.die  0x0000000002006ac8        0x0 build/postcar/external/vboot_reference-postcar/../../../external/vboot_reference-postcar/vboot_fw.a(2api.o)
 .rel.text.post_code
                0x0000000002006ac8        0x0 build/postcar/external/vboot_reference-postcar/../../../external/vboot_reference-postcar/vboot_fw.a(2api.o)
 .rel.text.boot_device_ro_subregion
                0x0000000002006ac8        0x0 build/postcar/external/vboot_reference-postcar/../../../external/vboot_reference-postcar/vboot_fw.a(2api.o)
 .rel.data.cbfs_cache
                0x0000000002006ac8        0x0 build/postcar/external/vboot_reference-postcar/../../../external/vboot_reference-postcar/vboot_fw.a(2api.o)
 .rel.text.cbmem_run_init_hooks
                0x0000000002006ac8        0x0 build/postcar/external/vboot_reference-postcar/../../../external/vboot_reference-postcar/vboot_fw.a(2api.o)
 .rel.text.find_fmap_directory
                0x0000000002006ac8        0x0 build/postcar/external/vboot_reference-postcar/../../../external/vboot_reference-postcar/vboot_fw.a(2api.o)
 .rel.text.prog_segment_loaded
                0x0000000002006ac8        0x0 build/postcar/external/vboot_reference-postcar/../../../external/vboot_reference-postcar/vboot_fw.a(2api.o)
 .rel.text.prog_run
                0x0000000002006ac8        0x0 build/postcar/external/vboot_reference-postcar/../../../external/vboot_reference-postcar/vboot_fw.a(2api.o)
 .rel.text.rmodule_stage_load
                0x0000000002006ac8        0x0 build/postcar/external/vboot_reference-postcar/../../../external/vboot_reference-postcar/vboot_fw.a(2api.o)
 .rel.text.vboot_get_cbfs_boot_device
                0x0000000002006ac8        0x0 build/postcar/external/vboot_reference-postcar/../../../external/vboot_reference-postcar/vboot_fw.a(2api.o)

.data           0x0000000002006ac8       0x58
                0x0000000002006b00                . = ALIGN (0x40)
 *fill*         0x0000000002006ac8       0x38 
                0x0000000002006b00                _data = .
                0x0000000002006b00                _rmodule_params = .
 *(.module_parameters)
 .module_parameters
                0x0000000002006b00        0x4 build/postcar/cpu/x86/mtrr/earlymtrr.o
                0x0000000002006b00                post_car_mtrrs
                0x0000000002006b04                _ermodule_params = .
                0x0000000000000004                _rmodule_params_size = ABSOLUTE ((_ermodule_params - _rmodule_params))
 *(.data)
 *(.data.*)
 .data.console_lock
                0x0000000002006b04        0x4 build/postcar/console/printk.o
 .data.cbfs_cache
                0x0000000002006b08       0x18 build/postcar/lib/cbfs.o
                0x0000000002006b08                cbfs_cache
 *(.sdata)
 *(.sdata.*)
                0x0000000002006b20                . = ALIGN (0x8)
                0x0000000002006b20                _edata = .
                0x0000000000000020                _data_size = ABSOLUTE ((_edata - _data))

.got            0x0000000002006b20        0x0
 .got           0x0000000002006b20        0x0 build/postcar/external/vboot_reference-postcar/../../../external/vboot_reference-postcar/vboot_fw.a(2api.o)

.got.plt        0x0000000002006b20        0x0
 .got.plt       0x0000000002006b20        0x0 build/postcar/external/vboot_reference-postcar/../../../external/vboot_reference-postcar/vboot_fw.a(2api.o)

.igot.plt       0x0000000002006b20        0x0
 .igot.plt      0x0000000002006b20        0x0 build/postcar/external/vboot_reference-postcar/../../../external/vboot_reference-postcar/vboot_fw.a(2api.o)

.bss            0x0000000002006b20     0x6358
                0x0000000002006b20                . = ALIGN (0x8)
                0x0000000002006b20                _bss = .
 *(.bss)
 .bss           0x0000000002006b20     0x2000 build/postcar/arch/x86/exit_car.o
                0x0000000002006b20                _stack
                0x0000000002008b20                _estack
 *(.bss.*)
 .bss.console_loglevel
                0x0000000002008b20        0x4 build/postcar/console/init.o
 .bss.console_inited
                0x0000000002008b24        0x4 build/postcar/console/init.o
 .bss.line_started.0
                0x0000000002008b28        0x1 build/postcar/console/printk.o
 *fill*         0x0000000002008b29        0x3 
 .bss.console_usecs
                0x0000000002008b2c        0x4 build/postcar/console/printk.o
 .bss.mt_stop   0x0000000002008b30        0x8 build/postcar/console/printk.o
 .bss.mt_start  0x0000000002008b38        0x8 build/postcar/console/printk.o
 .bss.mono_counter
                0x0000000002008b40       0x14 build/postcar/cpu/x86/tsc/delay_tsc.o
 .bss.ro.0      0x0000000002008b54       0x18 build/postcar/lib/cbfs.o
 *fill*         0x0000000002008b6c       0x14 
 .bss.static_console
                0x0000000002008b80      0x400 build/postcar/lib/cbmem_console.o
 .bss.console_paused
                0x0000000002008f80        0x1 build/postcar/lib/cbmem_console.o
 *fill*         0x0000000002008f81        0x3 
 .bss.current_console
                0x0000000002008f84        0x4 build/postcar/lib/cbmem_console.o
 .bss.imd_stage_cache
                0x0000000002008f88       0x10 build/postcar/lib/ext_stage_cache.o
 .bss.fmap_cache
                0x0000000002008f98       0x10 build/postcar/lib/fmap.o
 .bss.fmap_print_once
                0x0000000002008fa8        0x4 build/postcar/lib/fmap.o
 .bss.cbmem_initialized
                0x0000000002008fac        0x4 build/postcar/lib/imd_cbmem.o
                0x0000000002008fac                cbmem_initialized
 .bss.imd       0x0000000002008fb0       0x10 build/postcar/lib/imd_cbmem.o
 .bss._cbmem_top_ptr
                0x0000000002008fc0        0x4 build/postcar/lib/imd_cbmem.o
                0x0000000002008fc0                _cbmem_top_ptr
 *fill*         0x0000000002008fc4       0x1c 
 .bss.scratchpad.0
                0x0000000002008fe0     0x3e6c build/postcar/lib/lzma.o
 .bss.s3_resume.0
                0x000000000200ce4c        0x4 build/postcar/lib/romstage_handoff.o
 .bss.once.1    0x000000000200ce50        0x4 build/postcar/lib/romstage_handoff.o
 .bss.glob_ts_table
                0x000000000200ce54        0x4 build/postcar/lib/timestamp.o
 .bss.tclt.0    0x000000000200ce58        0x4 build/postcar/security/tpm/tspi/log.o
 .bss.vboot_ctx
                0x000000000200ce5c        0x4 build/postcar/security/vboot/common.o
 .bss.cbd.0     0x000000000200ce60       0x18 build/postcar/security/vboot/vboot_loader.o
 *(.sbss)
 *(.sbss.*)
                0x000000000200ce78                . = ALIGN (0x8)
                0x000000000200ce78                _ebss = .
                0x0000000000006358                _bss_size = ABSOLUTE ((_ebss - _bss))
                0x000000000200ce78                _eprogram = .
                0x000000000000ce78                _program_size = ABSOLUTE ((_eprogram - _program))
                0x0000000000000000                zeroptr = 0x0

/DISCARD/
 *(.comment)
 *(.comment.*)
 *(.note)
 *(.note.*)
 *(.eh_frame)
OUTPUT(build/cbfs/fallback/postcar.debug elf32-i386)

.debug_info     0x0000000000000000    0x286cd
 .debug_info    0x0000000000000000     0x1883 build/postcar/external/vboot_reference-postcar/../../../external/vboot_reference-postcar/vboot_fw.a(2common.o)
 .debug_info    0x0000000000001883     0x11c0 build/postcar/external/vboot_reference-postcar/../../../external/vboot_reference-postcar/vboot_fw.a(2context.o)
 .debug_info    0x0000000000002a43      0x33e build/postcar/external/vboot_reference-postcar/../../../external/vboot_reference-postcar/vboot_fw.a(2crypto.o)
 .debug_info    0x0000000000002d81     0x2f4e build/postcar/external/vboot_reference-postcar/../../../external/vboot_reference-postcar/vboot_fw.a(2misc.o)
 .debug_info    0x0000000000005ccf     0x1cd9 build/postcar/external/vboot_reference-postcar/../../../external/vboot_reference-postcar/vboot_fw.a(2secdata_kernel.o)
 .debug_info    0x00000000000079a8      0x33e build/postcar/external/vboot_reference-postcar/../../../external/vboot_reference-postcar/vboot_fw.a(2sha1.o)
 .debug_info    0x0000000000007ce6      0x5a9 build/postcar/external/vboot_reference-postcar/../../../external/vboot_reference-postcar/vboot_fw.a(2sha256.o)
 .debug_info    0x000000000000828f      0x526 build/postcar/external/vboot_reference-postcar/../../../external/vboot_reference-postcar/vboot_fw.a(2sha512.o)
 .debug_info    0x00000000000087b5     0x16cc build/postcar/external/vboot_reference-postcar/../../../external/vboot_reference-postcar/vboot_fw.a(2sha_utility.o)
 .debug_info    0x0000000000009e81      0xe41 build/postcar/external/vboot_reference-postcar/../../../external/vboot_reference-postcar/vboot_fw.a(2stub_hwcrypto.o)
 .debug_info    0x000000000000acc2      0x407 build/postcar/arch/x86/boot.o
 .debug_info    0x000000000000b0c9      0x3c4 build/postcar/arch/x86/cf9_reset.o
 .debug_info    0x000000000000b48d       0x24 build/postcar/arch/x86/exit_car.o
 .debug_info    0x000000000000b4b1       0x24 build/postcar/arch/x86/gdt_init.o
 .debug_info    0x000000000000b4d5       0xed build/postcar/arch/x86/memcpy.o
 .debug_info    0x000000000000b5c2      0x120 build/postcar/arch/x86/memmove.o
 .debug_info    0x000000000000b6e2      0x117 build/postcar/arch/x86/memset.o
 .debug_info    0x000000000000b7f9      0x389 build/postcar/arch/x86/mmap_boot.o
 .debug_info    0x000000000000bb82      0x1c9 build/postcar/arch/x86/post.o
 .debug_info    0x000000000000bd4b      0x62c build/postcar/arch/x86/postcar.o
 .debug_info    0x000000000000c377      0x21a build/postcar/arch/x86/timestamp.o
 .debug_info    0x000000000000c591      0xa58 build/postcar/commonlib/bsd/cbfs_mcache.o
 .debug_info    0x000000000000cfe9     0x129d build/postcar/commonlib/bsd/cbfs_private.o
 .debug_info    0x000000000000e286      0xb0f build/postcar/commonlib/bsd/lz4_wrapper.o
 .debug_info    0x000000000000ed95      0x22e build/postcar/commonlib/mem_pool.o
 .debug_info    0x000000000000efc3     0x1cb3 build/postcar/commonlib/region.o
 .debug_info    0x0000000000010c76      0x4d8 build/postcar/console/console.o
 .debug_info    0x000000000001114e      0x1e6 build/postcar/console/die.o
 .debug_info    0x0000000000011334      0x2bb build/postcar/console/init.o
 .debug_info    0x00000000000115ef      0x1bc build/postcar/console/post.o
 .debug_info    0x00000000000117ab      0x78f build/postcar/console/printk.o
 .debug_info    0x0000000000011f3a      0x263 build/postcar/console/vsprintf.o
 .debug_info    0x000000000001219d      0x441 build/postcar/console/vtxprintf.o
 .debug_info    0x00000000000125de      0x140 build/postcar/cpu/x86/lapic/boot_cpu.o
 .debug_info    0x000000000001271e      0x153 build/postcar/cpu/x86/mtrr/debug.o
 .debug_info    0x0000000000012871      0x8b5 build/postcar/cpu/x86/mtrr/earlymtrr.o
 .debug_info    0x0000000000013126      0x31e build/postcar/cpu/x86/smm/tseg_region.o
 .debug_info    0x0000000000013444      0x598 build/postcar/cpu/x86/tsc/delay_tsc.o
 .debug_info    0x00000000000139dc      0x570 build/postcar/device/pci_ops.o
 .debug_info    0x0000000000013f4c      0x787 build/postcar/drivers/uart/uart8250io.o
 .debug_info    0x00000000000146d3      0x40d build/postcar/drivers/uart/util.o
 .debug_info    0x0000000000014ae0      0x584 build/postcar/lib/boot_device.o
 .debug_info    0x0000000000015064     0x268c build/postcar/lib/cbfs.o
 .debug_info    0x00000000000176f0      0x130 build/postcar/lib/cbmem_common.o
 .debug_info    0x0000000000017820      0x653 build/postcar/lib/cbmem_console.o
 .debug_info    0x0000000000017e73      0xbd6 build/postcar/lib/ext_stage_cache.o
 .debug_info    0x0000000000018a49     0x19ad build/postcar/lib/fmap.o
 .debug_info    0x000000000001a3f6      0x211 build/postcar/lib/gcc.o
 .debug_info    0x000000000001a607       0x57 build/postcar/lib/halt.o
 .debug_info    0x000000000001a65e     0x21cd build/postcar/lib/imd.o
 .debug_info    0x000000000001c82b      0xccd build/postcar/lib/imd_cbmem.o
 .debug_info    0x000000000001d4f8      0x3cd build/postcar/lib/lzma.o
 .debug_info    0x000000000001d8c5      0x5f9 build/postcar/lib/lzmadecode.o
 .debug_info    0x000000000001debe       0xec build/postcar/lib/memcmp.o
 .debug_info    0x000000000001dfaa      0xc0e build/postcar/lib/prog_loaders.o
 .debug_info    0x000000000001ebb8      0x42c build/postcar/lib/prog_ops.o
 .debug_info    0x000000000001efe4      0x21c build/postcar/lib/reset.o
 .debug_info    0x000000000001f200     0x1248 build/postcar/lib/rmodule.o
 .debug_info    0x0000000000020448      0x330 build/postcar/lib/romstage_handoff.o
 .debug_info    0x0000000000020778      0x768 build/postcar/lib/string.o
 .debug_info    0x0000000000020ee0      0xc05 build/postcar/lib/timestamp.o
 .debug_info    0x0000000000021ae5      0x2cc build/postcar/lib/version.o
 .debug_info    0x0000000000021db1     0x15cf build/postcar/security/tpm/tspi/crtm.o
 .debug_info    0x0000000000023380      0x717 build/postcar/security/tpm/tspi/log.o
 .debug_info    0x0000000000023a97      0xc6f build/postcar/security/tpm/tspi/tspi.o
 .debug_info    0x0000000000024706     0x1328 build/postcar/security/vboot/common.o
 .debug_info    0x0000000000025a2e      0x220 build/postcar/security/vboot/vboot_lib.o
 .debug_info    0x0000000000025c4e      0xe8d build/postcar/security/vboot/vboot_loader.o
 .debug_info    0x0000000000026adb       0x24 build/postcar/soc/intel/common/block/cpu/car/exit_car.o
 .debug_info    0x0000000000026aff      0x368 build/postcar/soc/intel/common/block/systemagent/memmap.o
 .debug_info    0x0000000000026e67      0xc5f build/postcar/soc/intel/common/block/systemagent/systemagent_early.o
 .debug_info    0x0000000000027ac6      0x417 build/postcar/soc/intel/common/block/timer/timer.o
 .debug_info    0x0000000000027edd      0x249 build/postcar/soc/intel/common/reset.o
 .debug_info    0x0000000000028126      0x32c /opt/xgcc/lib/gcc/i386-elf/11.2.0/libgcc.a(_udivdi3.o)
 .debug_info    0x0000000000028452      0x27b /opt/xgcc/lib/gcc/i386-elf/11.2.0/libgcc.a(_udivmoddi4.o)

.debug_abbrev   0x0000000000000000     0x9c6a
 .debug_abbrev  0x0000000000000000      0x349 build/postcar/external/vboot_reference-postcar/../../../external/vboot_reference-postcar/vboot_fw.a(2common.o)
 .debug_abbrev  0x0000000000000349      0x29a build/postcar/external/vboot_reference-postcar/../../../external/vboot_reference-postcar/vboot_fw.a(2context.o)
 .debug_abbrev  0x00000000000005e3      0x112 build/postcar/external/vboot_reference-postcar/../../../external/vboot_reference-postcar/vboot_fw.a(2crypto.o)
 .debug_abbrev  0x00000000000006f5      0x579 build/postcar/external/vboot_reference-postcar/../../../external/vboot_reference-postcar/vboot_fw.a(2misc.o)
 .debug_abbrev  0x0000000000000c6e      0x472 build/postcar/external/vboot_reference-postcar/../../../external/vboot_reference-postcar/vboot_fw.a(2secdata_kernel.o)
 .debug_abbrev  0x00000000000010e0      0x1c1 build/postcar/external/vboot_reference-postcar/../../../external/vboot_reference-postcar/vboot_fw.a(2sha1.o)
 .debug_abbrev  0x00000000000012a1      0x2b8 build/postcar/external/vboot_reference-postcar/../../../external/vboot_reference-postcar/vboot_fw.a(2sha256.o)
 .debug_abbrev  0x0000000000001559      0x23c build/postcar/external/vboot_reference-postcar/../../../external/vboot_reference-postcar/vboot_fw.a(2sha512.o)
 .debug_abbrev  0x0000000000001795      0x2c7 build/postcar/external/vboot_reference-postcar/../../../external/vboot_reference-postcar/vboot_fw.a(2sha_utility.o)
 .debug_abbrev  0x0000000000001a5c      0x122 build/postcar/external/vboot_reference-postcar/../../../external/vboot_reference-postcar/vboot_fw.a(2stub_hwcrypto.o)
 .debug_abbrev  0x0000000000001b7e      0x1f5 build/postcar/arch/x86/boot.o
 .debug_abbrev  0x0000000000001d73      0x187 build/postcar/arch/x86/cf9_reset.o
 .debug_abbrev  0x0000000000001efa       0x14 build/postcar/arch/x86/exit_car.o
 .debug_abbrev  0x0000000000001f0e       0x14 build/postcar/arch/x86/gdt_init.o
 .debug_abbrev  0x0000000000001f22       0xa0 build/postcar/arch/x86/memcpy.o
 .debug_abbrev  0x0000000000001fc2       0xb5 build/postcar/arch/x86/memmove.o
 .debug_abbrev  0x0000000000002077       0xc7 build/postcar/arch/x86/memset.o
 .debug_abbrev  0x000000000000213e      0x154 build/postcar/arch/x86/mmap_boot.o
 .debug_abbrev  0x0000000000002292       0xd7 build/postcar/arch/x86/post.o
 .debug_abbrev  0x0000000000002369      0x1cb build/postcar/arch/x86/postcar.o
 .debug_abbrev  0x0000000000002534      0x192 build/postcar/arch/x86/timestamp.o
 .debug_abbrev  0x00000000000026c6      0x2a6 build/postcar/commonlib/bsd/cbfs_mcache.o
 .debug_abbrev  0x000000000000296c      0x351 build/postcar/commonlib/bsd/cbfs_private.o
 .debug_abbrev  0x0000000000002cbd      0x344 build/postcar/commonlib/bsd/lz4_wrapper.o
 .debug_abbrev  0x0000000000003001      0x11a build/postcar/commonlib/mem_pool.o
 .debug_abbrev  0x000000000000311b      0x4cf build/postcar/commonlib/region.o
 .debug_abbrev  0x00000000000035ea      0x1da build/postcar/console/console.o
 .debug_abbrev  0x00000000000037c4      0x117 build/postcar/console/die.o
 .debug_abbrev  0x00000000000038db      0x1bd build/postcar/console/init.o
 .debug_abbrev  0x0000000000003a98       0xdb build/postcar/console/post.o
 .debug_abbrev  0x0000000000003b73      0x346 build/postcar/console/printk.o
 .debug_abbrev  0x0000000000003eb9      0x1b2 build/postcar/console/vsprintf.o
 .debug_abbrev  0x000000000000406b      0x1e3 build/postcar/console/vtxprintf.o
 .debug_abbrev  0x000000000000424e       0xee build/postcar/cpu/x86/lapic/boot_cpu.o
 .debug_abbrev  0x000000000000433c       0x6f build/postcar/cpu/x86/mtrr/debug.o
 .debug_abbrev  0x00000000000043ab      0x2d4 build/postcar/cpu/x86/mtrr/earlymtrr.o
 .debug_abbrev  0x000000000000467f      0x17d build/postcar/cpu/x86/smm/tseg_region.o
 .debug_abbrev  0x00000000000047fc      0x27a build/postcar/cpu/x86/tsc/delay_tsc.o
 .debug_abbrev  0x0000000000004a76      0x22d build/postcar/device/pci_ops.o
 .debug_abbrev  0x0000000000004ca3      0x29e build/postcar/drivers/uart/uart8250io.o
 .debug_abbrev  0x0000000000004f41      0x241 build/postcar/drivers/uart/util.o
 .debug_abbrev  0x0000000000005182      0x1e2 build/postcar/lib/boot_device.o
 .debug_abbrev  0x0000000000005364      0x634 build/postcar/lib/cbfs.o
 .debug_abbrev  0x0000000000005998       0xdc build/postcar/lib/cbmem_common.o
 .debug_abbrev  0x0000000000005a74      0x29a build/postcar/lib/cbmem_console.o
 .debug_abbrev  0x0000000000005d0e      0x30e build/postcar/lib/ext_stage_cache.o
 .debug_abbrev  0x000000000000601c      0x40e build/postcar/lib/fmap.o
 .debug_abbrev  0x000000000000642a       0xac build/postcar/lib/gcc.o
 .debug_abbrev  0x00000000000064d6       0x57 build/postcar/lib/halt.o
 .debug_abbrev  0x000000000000652d      0x47d build/postcar/lib/imd.o
 .debug_abbrev  0x00000000000069aa      0x3fa build/postcar/lib/imd_cbmem.o
 .debug_abbrev  0x0000000000006da4      0x17f build/postcar/lib/lzma.o
 .debug_abbrev  0x0000000000006f23      0x192 build/postcar/lib/lzmadecode.o
 .debug_abbrev  0x00000000000070b5       0xbd build/postcar/lib/memcmp.o
 .debug_abbrev  0x0000000000007172      0x30b build/postcar/lib/prog_loaders.o
 .debug_abbrev  0x000000000000747d      0x1a9 build/postcar/lib/prog_ops.o
 .debug_abbrev  0x0000000000007626      0x136 build/postcar/lib/reset.o
 .debug_abbrev  0x000000000000775c      0x36a build/postcar/lib/rmodule.o
 .debug_abbrev  0x0000000000007ac6      0x179 build/postcar/lib/romstage_handoff.o
 .debug_abbrev  0x0000000000007c3f      0x1bb build/postcar/lib/string.o
 .debug_abbrev  0x0000000000007dfa      0x3e3 build/postcar/lib/timestamp.o
 .debug_abbrev  0x00000000000081dd       0xa5 build/postcar/lib/version.o
 .debug_abbrev  0x0000000000008282      0x316 build/postcar/security/tpm/tspi/crtm.o
 .debug_abbrev  0x0000000000008598      0x285 build/postcar/security/tpm/tspi/log.o
 .debug_abbrev  0x000000000000881d      0x389 build/postcar/security/tpm/tspi/tspi.o
 .debug_abbrev  0x0000000000008ba6      0x28e build/postcar/security/vboot/common.o
 .debug_abbrev  0x0000000000008e34      0x129 build/postcar/security/vboot/vboot_lib.o
 .debug_abbrev  0x0000000000008f5d      0x31a build/postcar/security/vboot/vboot_loader.o
 .debug_abbrev  0x0000000000009277       0x14 build/postcar/soc/intel/common/block/cpu/car/exit_car.o
 .debug_abbrev  0x000000000000928b      0x17d build/postcar/soc/intel/common/block/systemagent/memmap.o
 .debug_abbrev  0x0000000000009408      0x2cc build/postcar/soc/intel/common/block/systemagent/systemagent_early.o
 .debug_abbrev  0x00000000000096d4      0x1e1 build/postcar/soc/intel/common/block/timer/timer.o
 .debug_abbrev  0x00000000000098b5      0x152 build/postcar/soc/intel/common/reset.o
 .debug_abbrev  0x0000000000009a07      0x15b /opt/xgcc/lib/gcc/i386-elf/11.2.0/libgcc.a(_udivdi3.o)
 .debug_abbrev  0x0000000000009b62      0x108 /opt/xgcc/lib/gcc/i386-elf/11.2.0/libgcc.a(_udivmoddi4.o)

.debug_loclists
                0x0000000000000000     0x99c4
 .debug_loclists
                0x0000000000000000      0x3ea build/postcar/external/vboot_reference-postcar/../../../external/vboot_reference-postcar/vboot_fw.a(2common.o)
 .debug_loclists
                0x00000000000003ea      0x15b build/postcar/external/vboot_reference-postcar/../../../external/vboot_reference-postcar/vboot_fw.a(2context.o)
 .debug_loclists
                0x0000000000000545      0x805 build/postcar/external/vboot_reference-postcar/../../../external/vboot_reference-postcar/vboot_fw.a(2misc.o)
 .debug_loclists
                0x0000000000000d4a      0x5fc build/postcar/external/vboot_reference-postcar/../../../external/vboot_reference-postcar/vboot_fw.a(2secdata_kernel.o)
 .debug_loclists
                0x0000000000001346      0x38f build/postcar/external/vboot_reference-postcar/../../../external/vboot_reference-postcar/vboot_fw.a(2sha1.o)
 .debug_loclists
                0x00000000000016d5      0x449 build/postcar/external/vboot_reference-postcar/../../../external/vboot_reference-postcar/vboot_fw.a(2sha256.o)
 .debug_loclists
                0x0000000000001b1e      0x1c1 build/postcar/external/vboot_reference-postcar/../../../external/vboot_reference-postcar/vboot_fw.a(2sha512.o)
 .debug_loclists
                0x0000000000001cdf      0x129 build/postcar/external/vboot_reference-postcar/../../../external/vboot_reference-postcar/vboot_fw.a(2sha_utility.o)
 .debug_loclists
                0x0000000000001e08       0x48 build/postcar/arch/x86/boot.o
 .debug_loclists
                0x0000000000001e50       0x74 build/postcar/arch/x86/cf9_reset.o
 .debug_loclists
                0x0000000000001ec4       0x19 build/postcar/arch/x86/memmove.o
 .debug_loclists
                0x0000000000001edd       0x36 build/postcar/arch/x86/memset.o
 .debug_loclists
                0x0000000000001f13       0x25 build/postcar/arch/x86/post.o
 .debug_loclists
                0x0000000000001f38       0x1c build/postcar/arch/x86/timestamp.o
 .debug_loclists
                0x0000000000001f54      0x16b build/postcar/commonlib/bsd/cbfs_mcache.o
 .debug_loclists
                0x00000000000020bf      0x45c build/postcar/commonlib/bsd/cbfs_private.o
 .debug_loclists
                0x000000000000251b      0x721 build/postcar/commonlib/bsd/lz4_wrapper.o
 .debug_loclists
                0x0000000000002c3c       0x47 build/postcar/commonlib/mem_pool.o
 .debug_loclists
                0x0000000000002c83      0x8c0 build/postcar/commonlib/region.o
 .debug_loclists
                0x0000000000003543       0xec build/postcar/console/console.o
 .debug_loclists
                0x000000000000362f       0x19 build/postcar/console/die.o
 .debug_loclists
                0x0000000000003648       0x20 build/postcar/console/init.o
 .debug_loclists
                0x0000000000003668       0x18 build/postcar/console/post.o
 .debug_loclists
                0x0000000000003680      0x12c build/postcar/console/printk.o
 .debug_loclists
                0x00000000000037ac       0x52 build/postcar/console/vsprintf.o
 .debug_loclists
                0x00000000000037fe      0x7ce build/postcar/console/vtxprintf.o
 .debug_loclists
                0x0000000000003fcc       0x4c build/postcar/cpu/x86/lapic/boot_cpu.o
 .debug_loclists
                0x0000000000004018      0x4bc build/postcar/cpu/x86/mtrr/earlymtrr.o
 .debug_loclists
                0x00000000000044d4       0x21 build/postcar/cpu/x86/smm/tseg_region.o
 .debug_loclists
                0x00000000000044f5       0xeb build/postcar/cpu/x86/tsc/delay_tsc.o
 .debug_loclists
                0x00000000000045e0      0x190 build/postcar/device/pci_ops.o
 .debug_loclists
                0x0000000000004770      0x20f build/postcar/drivers/uart/uart8250io.o
 .debug_loclists
                0x000000000000497f       0xd1 build/postcar/drivers/uart/util.o
 .debug_loclists
                0x0000000000004a50       0xa2 build/postcar/lib/boot_device.o
 .debug_loclists
                0x0000000000004af2      0x696 build/postcar/lib/cbfs.o
 .debug_loclists
                0x0000000000005188       0x17 build/postcar/lib/cbmem_common.o
 .debug_loclists
                0x000000000000519f      0x204 build/postcar/lib/cbmem_console.o
 .debug_loclists
                0x00000000000053a3      0x228 build/postcar/lib/ext_stage_cache.o
 .debug_loclists
                0x00000000000055cb      0x1c0 build/postcar/lib/fmap.o
 .debug_loclists
                0x000000000000578b     0x1028 build/postcar/lib/imd.o
 .debug_loclists
                0x00000000000067b3      0x11f build/postcar/lib/imd_cbmem.o
 .debug_loclists
                0x00000000000068d2       0x85 build/postcar/lib/lzma.o
 .debug_loclists
                0x0000000000006957     0x111a build/postcar/lib/lzmadecode.o
 .debug_loclists
                0x0000000000007a71       0xcd build/postcar/lib/memcmp.o
 .debug_loclists
                0x0000000000007b3e       0x63 build/postcar/lib/prog_loaders.o
 .debug_loclists
                0x0000000000007ba1       0x3c build/postcar/lib/prog_ops.o
 .debug_loclists
                0x0000000000007bdd      0x353 build/postcar/lib/rmodule.o
 .debug_loclists
                0x0000000000007f30       0x55 build/postcar/lib/romstage_handoff.o
 .debug_loclists
                0x0000000000007f85      0x468 build/postcar/lib/string.o
 .debug_loclists
                0x00000000000083ed      0x1e6 build/postcar/lib/timestamp.o
 .debug_loclists
                0x00000000000085d3       0x9e build/postcar/security/tpm/tspi/crtm.o
 .debug_loclists
                0x0000000000008671      0x119 build/postcar/security/tpm/tspi/log.o
 .debug_loclists
                0x000000000000878a      0x19f build/postcar/security/tpm/tspi/tspi.o
 .debug_loclists
                0x0000000000008929       0x54 build/postcar/security/vboot/common.o
 .debug_loclists
                0x000000000000897d       0x19 build/postcar/security/vboot/vboot_lib.o
 .debug_loclists
                0x0000000000008996       0x4e build/postcar/security/vboot/vboot_loader.o
 .debug_loclists
                0x00000000000089e4       0x39 build/postcar/soc/intel/common/block/systemagent/memmap.o
 .debug_loclists
                0x0000000000008a1d      0x42e build/postcar/soc/intel/common/block/systemagent/systemagent_early.o
 .debug_loclists
                0x0000000000008e4b      0x1c1 build/postcar/soc/intel/common/block/timer/timer.o
 .debug_loclists
                0x000000000000900c      0x544 /opt/xgcc/lib/gcc/i386-elf/11.2.0/libgcc.a(_udivdi3.o)
 .debug_loclists
                0x0000000000009550      0x474 /opt/xgcc/lib/gcc/i386-elf/11.2.0/libgcc.a(_udivmoddi4.o)

.debug_aranges  0x0000000000000000     0x12e0
 .debug_aranges
                0x0000000000000000       0x70 build/postcar/external/vboot_reference-postcar/../../../external/vboot_reference-postcar/vboot_fw.a(2common.o)
 .debug_aranges
                0x0000000000000070       0x40 build/postcar/external/vboot_reference-postcar/../../../external/vboot_reference-postcar/vboot_fw.a(2context.o)
 .debug_aranges
                0x00000000000000b0       0x48 build/postcar/external/vboot_reference-postcar/../../../external/vboot_reference-postcar/vboot_fw.a(2crypto.o)
 .debug_aranges
                0x00000000000000f8      0x100 build/postcar/external/vboot_reference-postcar/../../../external/vboot_reference-postcar/vboot_fw.a(2misc.o)
 .debug_aranges
                0x00000000000001f8       0x68 build/postcar/external/vboot_reference-postcar/../../../external/vboot_reference-postcar/vboot_fw.a(2secdata_kernel.o)
 .debug_aranges
                0x0000000000000260       0x38 build/postcar/external/vboot_reference-postcar/../../../external/vboot_reference-postcar/vboot_fw.a(2sha1.o)
 .debug_aranges
                0x0000000000000298       0x40 build/postcar/external/vboot_reference-postcar/../../../external/vboot_reference-postcar/vboot_fw.a(2sha256.o)
 .debug_aranges
                0x00000000000002d8       0x38 build/postcar/external/vboot_reference-postcar/../../../external/vboot_reference-postcar/vboot_fw.a(2sha512.o)
 .debug_aranges
                0x0000000000000310       0x50 build/postcar/external/vboot_reference-postcar/../../../external/vboot_reference-postcar/vboot_fw.a(2sha_utility.o)
 .debug_aranges
                0x0000000000000360       0x40 build/postcar/external/vboot_reference-postcar/../../../external/vboot_reference-postcar/vboot_fw.a(2stub_hwcrypto.o)
 .debug_aranges
                0x00000000000003a0       0x28 build/postcar/arch/x86/boot.o
 .debug_aranges
                0x00000000000003c8       0x38 build/postcar/arch/x86/cf9_reset.o
 .debug_aranges
                0x0000000000000400       0x20 build/postcar/arch/x86/exit_car.o
 .debug_aranges
                0x0000000000000420       0x20 build/postcar/arch/x86/gdt_init.o
 .debug_aranges
                0x0000000000000440       0x20 build/postcar/arch/x86/memcpy.o
 .debug_aranges
                0x0000000000000460       0x20 build/postcar/arch/x86/memmove.o
 .debug_aranges
                0x0000000000000480       0x20 build/postcar/arch/x86/memset.o
 .debug_aranges
                0x00000000000004a0       0x28 build/postcar/arch/x86/mmap_boot.o
 .debug_aranges
                0x00000000000004c8       0x20 build/postcar/arch/x86/post.o
 .debug_aranges
                0x00000000000004e8       0x28 build/postcar/arch/x86/postcar.o
 .debug_aranges
                0x0000000000000510       0x28 build/postcar/arch/x86/timestamp.o
 .debug_aranges
                0x0000000000000538       0x38 build/postcar/commonlib/bsd/cbfs_mcache.o
 .debug_aranges
                0x0000000000000570       0x48 build/postcar/commonlib/bsd/cbfs_private.o
 .debug_aranges
                0x00000000000005b8       0x38 build/postcar/commonlib/bsd/lz4_wrapper.o
 .debug_aranges
                0x00000000000005f0       0x28 build/postcar/commonlib/mem_pool.o
 .debug_aranges
                0x0000000000000618      0x130 build/postcar/commonlib/region.o
 .debug_aranges
                0x0000000000000748       0x48 build/postcar/console/console.o
 .debug_aranges
                0x0000000000000790       0x28 build/postcar/console/die.o
 .debug_aranges
                0x00000000000007b8       0x30 build/postcar/console/init.o
 .debug_aranges
                0x00000000000007e8       0x28 build/postcar/console/post.o
 .debug_aranges
                0x0000000000000810       0x58 build/postcar/console/printk.o
 .debug_aranges
                0x0000000000000868       0x30 build/postcar/console/vsprintf.o
 .debug_aranges
                0x0000000000000898       0x28 build/postcar/console/vtxprintf.o
 .debug_aranges
                0x00000000000008c0       0x20 build/postcar/cpu/x86/lapic/boot_cpu.o
 .debug_aranges
                0x00000000000008e0       0x20 build/postcar/cpu/x86/mtrr/debug.o
 .debug_aranges
                0x0000000000000900       0x50 build/postcar/cpu/x86/mtrr/earlymtrr.o
 .debug_aranges
                0x0000000000000950       0x30 build/postcar/cpu/x86/smm/tseg_region.o
 .debug_aranges
                0x0000000000000980       0x30 build/postcar/cpu/x86/tsc/delay_tsc.o
 .debug_aranges
                0x00000000000009b0       0x38 build/postcar/device/pci_ops.o
 .debug_aranges
                0x00000000000009e8       0x48 build/postcar/drivers/uart/uart8250io.o
 .debug_aranges
                0x0000000000000a30       0x40 build/postcar/drivers/uart/util.o
 .debug_aranges
                0x0000000000000a70       0x38 build/postcar/lib/boot_device.o
 .debug_aranges
                0x0000000000000aa8       0x88 build/postcar/lib/cbfs.o
 .debug_aranges
                0x0000000000000b30       0x20 build/postcar/lib/cbmem_common.o
 .debug_aranges
                0x0000000000000b50       0x48 build/postcar/lib/cbmem_console.o
 .debug_aranges
                0x0000000000000b98       0x40 build/postcar/lib/ext_stage_cache.o
 .debug_aranges
                0x0000000000000bd8       0x60 build/postcar/lib/fmap.o
 .debug_aranges
                0x0000000000000c38       0x38 build/postcar/lib/gcc.o
 .debug_aranges
                0x0000000000000c70       0x20 build/postcar/lib/halt.o
 .debug_aranges
                0x0000000000000c90       0xd8 build/postcar/lib/imd.o
 .debug_aranges
                0x0000000000000d68       0x98 build/postcar/lib/imd_cbmem.o
 .debug_aranges
                0x0000000000000e00       0x20 build/postcar/lib/lzma.o
 .debug_aranges
                0x0000000000000e20       0x28 build/postcar/lib/lzmadecode.o
 .debug_aranges
                0x0000000000000e48       0x20 build/postcar/lib/memcmp.o
 .debug_aranges
                0x0000000000000e68       0x38 build/postcar/lib/prog_loaders.o
 .debug_aranges
                0x0000000000000ea0       0x38 build/postcar/lib/prog_ops.o
 .debug_aranges
                0x0000000000000ed8       0x20 build/postcar/lib/reset.o
 .debug_aranges
                0x0000000000000ef8       0x60 build/postcar/lib/rmodule.o
 .debug_aranges
                0x0000000000000f58       0x28 build/postcar/lib/romstage_handoff.o
 .debug_aranges
                0x0000000000000f80       0xa0 build/postcar/lib/string.o
 .debug_aranges
                0x0000000000001020       0x58 build/postcar/lib/timestamp.o
 .debug_aranges
                0x0000000000001078       0x18 build/postcar/lib/version.o
 .debug_aranges
                0x0000000000001090       0x28 build/postcar/security/tpm/tspi/crtm.o
 .debug_aranges
                0x00000000000010b8       0x38 build/postcar/security/tpm/tspi/log.o
 .debug_aranges
                0x00000000000010f0       0x40 build/postcar/security/tpm/tspi/tspi.o
 .debug_aranges
                0x0000000000001130       0x28 build/postcar/security/vboot/common.o
 .debug_aranges
                0x0000000000001158       0x28 build/postcar/security/vboot/vboot_lib.o
 .debug_aranges
                0x0000000000001180       0x28 build/postcar/security/vboot/vboot_loader.o
 .debug_aranges
                0x00000000000011a8       0x20 build/postcar/soc/intel/common/block/cpu/car/exit_car.o
 .debug_aranges
                0x00000000000011c8       0x28 build/postcar/soc/intel/common/block/systemagent/memmap.o
 .debug_aranges
                0x00000000000011f0       0x68 build/postcar/soc/intel/common/block/systemagent/systemagent_early.o
 .debug_aranges
                0x0000000000001258       0x20 build/postcar/soc/intel/common/block/timer/timer.o
 .debug_aranges
                0x0000000000001278       0x28 build/postcar/soc/intel/common/reset.o
 .debug_aranges
                0x00000000000012a0       0x20 /opt/xgcc/lib/gcc/i386-elf/11.2.0/libgcc.a(_udivdi3.o)
 .debug_aranges
                0x00000000000012c0       0x20 /opt/xgcc/lib/gcc/i386-elf/11.2.0/libgcc.a(_udivmoddi4.o)

.debug_rnglists
                0x0000000000000000     0x1813
 .debug_rnglists
                0x0000000000000000       0x8b build/postcar/external/vboot_reference-postcar/../../../external/vboot_reference-postcar/vboot_fw.a(2common.o)
 .debug_rnglists
                0x000000000000008b       0x38 build/postcar/external/vboot_reference-postcar/../../../external/vboot_reference-postcar/vboot_fw.a(2context.o)
 .debug_rnglists
                0x00000000000000c3       0x31 build/postcar/external/vboot_reference-postcar/../../../external/vboot_reference-postcar/vboot_fw.a(2crypto.o)
 .debug_rnglists
                0x00000000000000f4      0x11d build/postcar/external/vboot_reference-postcar/../../../external/vboot_reference-postcar/vboot_fw.a(2misc.o)
 .debug_rnglists
                0x0000000000000211       0x65 build/postcar/external/vboot_reference-postcar/../../../external/vboot_reference-postcar/vboot_fw.a(2secdata_kernel.o)
 .debug_rnglists
                0x0000000000000276       0x39 build/postcar/external/vboot_reference-postcar/../../../external/vboot_reference-postcar/vboot_fw.a(2sha1.o)
 .debug_rnglists
                0x00000000000002af       0x2e build/postcar/external/vboot_reference-postcar/../../../external/vboot_reference-postcar/vboot_fw.a(2sha256.o)
 .debug_rnglists
                0x00000000000002dd       0x28 build/postcar/external/vboot_reference-postcar/../../../external/vboot_reference-postcar/vboot_fw.a(2sha512.o)
 .debug_rnglists
                0x0000000000000305       0x46 build/postcar/external/vboot_reference-postcar/../../../external/vboot_reference-postcar/vboot_fw.a(2sha_utility.o)
 .debug_rnglists
                0x000000000000034b       0x2b build/postcar/external/vboot_reference-postcar/../../../external/vboot_reference-postcar/vboot_fw.a(2stub_hwcrypto.o)
 .debug_rnglists
                0x0000000000000376       0x19 build/postcar/arch/x86/boot.o
 .debug_rnglists
                0x000000000000038f       0x25 build/postcar/arch/x86/cf9_reset.o
 .debug_rnglists
                0x00000000000003b4       0x13 build/postcar/arch/x86/memcpy.o
 .debug_rnglists
                0x00000000000003c7       0x14 build/postcar/arch/x86/memmove.o
 .debug_rnglists
                0x00000000000003db       0x13 build/postcar/arch/x86/memset.o
 .debug_rnglists
                0x00000000000003ee       0x19 build/postcar/arch/x86/mmap_boot.o
 .debug_rnglists
                0x0000000000000407       0x13 build/postcar/arch/x86/post.o
 .debug_rnglists
                0x000000000000041a       0x19 build/postcar/arch/x86/postcar.o
 .debug_rnglists
                0x0000000000000433       0x31 build/postcar/arch/x86/timestamp.o
 .debug_rnglists
                0x0000000000000464       0x5d build/postcar/commonlib/bsd/cbfs_mcache.o
 .debug_rnglists
                0x00000000000004c1      0x109 build/postcar/commonlib/bsd/cbfs_private.o
 .debug_rnglists
                0x00000000000005ca       0xdd build/postcar/commonlib/bsd/lz4_wrapper.o
 .debug_rnglists
                0x00000000000006a7       0x19 build/postcar/commonlib/mem_pool.o
 .debug_rnglists
                0x00000000000006c0      0x196 build/postcar/commonlib/region.o
 .debug_rnglists
                0x0000000000000856       0x7c build/postcar/console/console.o
 .debug_rnglists
                0x00000000000008d2       0x19 build/postcar/console/die.o
 .debug_rnglists
                0x00000000000008eb       0x2b build/postcar/console/init.o
 .debug_rnglists
                0x0000000000000916       0x19 build/postcar/console/post.o
 .debug_rnglists
                0x000000000000092f       0x58 build/postcar/console/printk.o
 .debug_rnglists
                0x0000000000000987       0x1f build/postcar/console/vsprintf.o
 .debug_rnglists
                0x00000000000009a6       0x27 build/postcar/console/vtxprintf.o
 .debug_rnglists
                0x00000000000009cd       0x13 build/postcar/cpu/x86/lapic/boot_cpu.o
 .debug_rnglists
                0x00000000000009e0       0x13 build/postcar/cpu/x86/mtrr/debug.o
 .debug_rnglists
                0x00000000000009f3       0xf1 build/postcar/cpu/x86/mtrr/earlymtrr.o
 .debug_rnglists
                0x0000000000000ae4       0x20 build/postcar/cpu/x86/smm/tseg_region.o
 .debug_rnglists
                0x0000000000000b04       0x74 build/postcar/cpu/x86/tsc/delay_tsc.o
 .debug_rnglists
                0x0000000000000b78       0x59 build/postcar/device/pci_ops.o
 .debug_rnglists
                0x0000000000000bd1       0xac build/postcar/drivers/uart/uart8250io.o
 .debug_rnglists
                0x0000000000000c7d       0x6b build/postcar/drivers/uart/util.o
 .debug_rnglists
                0x0000000000000ce8       0x25 build/postcar/lib/boot_device.o
 .debug_rnglists
                0x0000000000000d0d      0x130 build/postcar/lib/cbfs.o
 .debug_rnglists
                0x0000000000000e3d       0x13 build/postcar/lib/cbmem_common.o
 .debug_rnglists
                0x0000000000000e50       0x3e build/postcar/lib/cbmem_console.o
 .debug_rnglists
                0x0000000000000e8e       0x49 build/postcar/lib/ext_stage_cache.o
 .debug_rnglists
                0x0000000000000ed7       0x91 build/postcar/lib/fmap.o
 .debug_rnglists
                0x0000000000000f68       0x25 build/postcar/lib/gcc.o
 .debug_rnglists
                0x0000000000000f8d       0x13 build/postcar/lib/halt.o
 .debug_rnglists
                0x0000000000000fa0      0x213 build/postcar/lib/imd.o
 .debug_rnglists
                0x00000000000011b3       0x6f build/postcar/lib/imd_cbmem.o
 .debug_rnglists
                0x0000000000001222       0x14 build/postcar/lib/lzma.o
 .debug_rnglists
                0x0000000000001236       0xda build/postcar/lib/lzmadecode.o
 .debug_rnglists
                0x0000000000001310       0x13 build/postcar/lib/memcmp.o
 .debug_rnglists
                0x0000000000001323       0x32 build/postcar/lib/prog_loaders.o
 .debug_rnglists
                0x0000000000001355       0x25 build/postcar/lib/prog_ops.o
 .debug_rnglists
                0x000000000000137a       0x13 build/postcar/lib/reset.o
 .debug_rnglists
                0x000000000000138d       0xfc build/postcar/lib/rmodule.o
 .debug_rnglists
                0x0000000000001489       0x28 build/postcar/lib/romstage_handoff.o
 .debug_rnglists
                0x00000000000014b1       0x73 build/postcar/lib/string.o
 .debug_rnglists
                0x0000000000001524       0x93 build/postcar/lib/timestamp.o
 .debug_rnglists
                0x00000000000015b7       0x2a build/postcar/security/tpm/tspi/crtm.o
 .debug_rnglists
                0x00000000000015e1       0x33 build/postcar/security/tpm/tspi/log.o
 .debug_rnglists
                0x0000000000001614       0x2d build/postcar/security/tpm/tspi/tspi.o
 .debug_rnglists
                0x0000000000001641       0x25 build/postcar/security/vboot/common.o
 .debug_rnglists
                0x0000000000001666       0x19 build/postcar/security/vboot/vboot_lib.o