Archive member included to satisfy reference by file (symbol)

/opt/xgcc/lib/gcc/i386-elf/8.3.0/libgcc.a(_divdi3.o)
                              build/postcar/lib/gcc.o (__divdi3)
/opt/xgcc/lib/gcc/i386-elf/8.3.0/libgcc.a(_moddi3.o)
                              build/postcar/lib/gcc.o (__moddi3)
/opt/xgcc/lib/gcc/i386-elf/8.3.0/libgcc.a(_udivdi3.o)
                              build/postcar/lib/gcc.o (__udivdi3)
/opt/xgcc/lib/gcc/i386-elf/8.3.0/libgcc.a(_umoddi3.o)
                              build/postcar/lib/gcc.o (__umoddi3)
/opt/xgcc/lib/gcc/i386-elf/8.3.0/libgcc.a(_udivmoddi4.o)
                              build/postcar/console/vtxprintf.o (__udivmoddi4)

Discarded input sections

 .text          0x0000000000000000        0x0 build/postcar/mainboard/emulation/qemu-i440fx/static.o
 .data          0x0000000000000000        0x0 build/postcar/mainboard/emulation/qemu-i440fx/static.o
 .bss           0x0000000000000000        0x0 build/postcar/mainboard/emulation/qemu-i440fx/static.o
 .rodata.__pci_0_01_3_config
                0x0000000000000000        0x4 build/postcar/mainboard/emulation/qemu-i440fx/static.o
 .rodata.__pci_0_01_3
                0x0000000000000000        0x4 build/postcar/mainboard/emulation/qemu-i440fx/static.o
 .rodata.__pci_0_01_1_config
                0x0000000000000000        0x4 build/postcar/mainboard/emulation/qemu-i440fx/static.o
 .rodata.__pci_0_01_1
                0x0000000000000000        0x4 build/postcar/mainboard/emulation/qemu-i440fx/static.o
 .rodata.__pci_0_01_0_config
                0x0000000000000000        0x4 build/postcar/mainboard/emulation/qemu-i440fx/static.o
 .rodata.__pci_0_01_0
                0x0000000000000000        0x4 build/postcar/mainboard/emulation/qemu-i440fx/static.o
 .rodata.__pci_0_00_0
                0x0000000000000000        0x4 build/postcar/mainboard/emulation/qemu-i440fx/static.o
 .rodata._dev1_links
                0x0000000000000000       0x24 build/postcar/mainboard/emulation/qemu-i440fx/static.o
 .rodata._dev0_links
                0x0000000000000000       0x24 build/postcar/mainboard/emulation/qemu-i440fx/static.o
 .rodata.dev_root_links
                0x0000000000000000       0x24 build/postcar/mainboard/emulation/qemu-i440fx/static.o
 .rodata.dev_root
                0x0000000000000000       0x4c build/postcar/mainboard/emulation/qemu-i440fx/static.o
 .rodata.southbridge_intel_i82371eb_info_1
                0x0000000000000000        0xc build/postcar/mainboard/emulation/qemu-i440fx/static.o
 .rodata.last_dev
                0x0000000000000000        0x4 build/postcar/mainboard/emulation/qemu-i440fx/static.o
 .rodata._dev6  0x0000000000000000       0x4c build/postcar/mainboard/emulation/qemu-i440fx/static.o
 .rodata._dev5  0x0000000000000000       0x4c build/postcar/mainboard/emulation/qemu-i440fx/static.o
 .rodata._dev4  0x0000000000000000       0x4c build/postcar/mainboard/emulation/qemu-i440fx/static.o
 .rodata._dev3  0x0000000000000000       0x4c build/postcar/mainboard/emulation/qemu-i440fx/static.o
 .rodata._dev2  0x0000000000000000       0x4c build/postcar/mainboard/emulation/qemu-i440fx/static.o
 .rodata._dev1  0x0000000000000000       0x4c build/postcar/mainboard/emulation/qemu-i440fx/static.o
 .rodata._dev0  0x0000000000000000       0x4c build/postcar/mainboard/emulation/qemu-i440fx/static.o
 .debug_info    0x0000000000000000      0xf00 build/postcar/mainboard/emulation/qemu-i440fx/static.o
 .debug_abbrev  0x0000000000000000      0x1eb build/postcar/mainboard/emulation/qemu-i440fx/static.o
 .debug_aranges
                0x0000000000000000       0x18 build/postcar/mainboard/emulation/qemu-i440fx/static.o
 .debug_line    0x0000000000000000      0x13e build/postcar/mainboard/emulation/qemu-i440fx/static.o
 .debug_str     0x0000000000000000      0xb53 build/postcar/mainboard/emulation/qemu-i440fx/static.o
 .comment       0x0000000000000000       0x38 build/postcar/mainboard/emulation/qemu-i440fx/static.o
 .text          0x0000000000000000        0x0 build/postcar/acpi/acpi_pm.o
 .data          0x0000000000000000        0x0 build/postcar/acpi/acpi_pm.o
 .bss           0x0000000000000000        0x0 build/postcar/acpi/acpi_pm.o
 .text.mainboard_suspend_resume
                0x0000000000000000        0x1 build/postcar/acpi/acpi_pm.o
 .text.acpi_get_preferred_pm_profile
                0x0000000000000000       0x1e build/postcar/acpi/acpi_pm.o
 .text.acpi_get_pm_state
                0x0000000000000000       0x20 build/postcar/acpi/acpi_pm.o
 .rodata.acpi_pm_state_for_elog.str1.1
                0x0000000000000000       0x3b build/postcar/acpi/acpi_pm.o
 .text.acpi_pm_state_for_elog
                0x0000000000000000       0x2e build/postcar/acpi/acpi_pm.o
 .rodata.acpi_pm_state_for_rtc.str1.1
                0x0000000000000000       0x32 build/postcar/acpi/acpi_pm.o
 .text.acpi_pm_state_for_rtc
                0x0000000000000000       0x2e build/postcar/acpi/acpi_pm.o
 .rodata.acpi_pm_state_for_wake.str1.1
[...]
Memory Configuration

Name             Origin             Length             Attributes
*default*        0x0000000000000000 0xffffffffffffffff

Linker script and memory map

START GROUP
LOAD build/postcar/mainboard/emulation/qemu-i440fx/static.o
LOAD build/postcar/acpi/acpi_pm.o
LOAD build/postcar/arch/x86/boot.o
LOAD build/postcar/arch/x86/cf9_reset.o
LOAD build/postcar/arch/x86/cpu_common.o
LOAD build/postcar/arch/x86/exit_car.o
LOAD build/postcar/arch/x86/gdt_init.o
LOAD build/postcar/arch/x86/memcpy.o
LOAD build/postcar/arch/x86/memmove.o
LOAD build/postcar/arch/x86/memset.o
LOAD build/postcar/arch/x86/mmap_boot.o
LOAD build/postcar/arch/x86/post.o
LOAD build/postcar/arch/x86/postcar.o
LOAD build/postcar/arch/x86/timestamp.o
LOAD build/postcar/commonlib/bsd/cbfs_mcache.o
LOAD build/postcar/commonlib/bsd/cbfs_private.o
LOAD build/postcar/commonlib/bsd/lz4_wrapper.o
LOAD build/postcar/commonlib/cbfs.o
LOAD build/postcar/commonlib/iobuf.o
LOAD build/postcar/commonlib/mem_pool.o
LOAD build/postcar/commonlib/region.o
LOAD build/postcar/console/console.o
LOAD build/postcar/console/die.o
LOAD build/postcar/console/init.o
LOAD build/postcar/console/post.o
LOAD build/postcar/console/printk.o
LOAD build/postcar/console/vsprintf.o
LOAD build/postcar/console/vtxprintf.o
LOAD build/postcar/cpu/x86/lapic/boot_cpu.o
LOAD build/postcar/cpu/x86/mtrr/debug.o
LOAD build/postcar/cpu/x86/pae/pgtbl.o
LOAD build/postcar/cpu/x86/tsc/delay_tsc.o
LOAD build/postcar/device/device_const.o
LOAD build/postcar/device/pci_early.o
LOAD build/postcar/device/pci_ops.o
LOAD build/postcar/drivers/emulation/qemu/qemu_debugcon.o
LOAD build/postcar/drivers/pc80/pc/i8254.o
LOAD build/postcar/drivers/pc80/rtc/mc146818rtc.o
LOAD build/postcar/drivers/pc80/rtc/mc146818rtc_boot.o
LOAD build/postcar/drivers/spi/bitbang.o
LOAD build/postcar/drivers/spi/spi-generic.o
LOAD build/postcar/drivers/uart/uart8250io.o
LOAD build/postcar/drivers/uart/util.o
LOAD build/postcar/lib/boot_device.o
LOAD build/postcar/lib/bootmode.o
LOAD build/postcar/lib/cbfs.o
LOAD build/postcar/lib/cbmem_common.o
LOAD build/postcar/lib/cbmem_console.o
LOAD build/postcar/lib/crc_byte.o
LOAD build/postcar/lib/delay.o
LOAD build/postcar/lib/fmap.o
LOAD build/postcar/lib/gcc.o
LOAD build/postcar/lib/halt.o
LOAD build/postcar/lib/hexdump.o
LOAD build/postcar/lib/imd.o
LOAD build/postcar/lib/imd_cbmem.o
LOAD build/postcar/lib/libgcc.o
LOAD build/postcar/lib/lzma.o
LOAD build/postcar/lib/lzmadecode.o
LOAD build/postcar/lib/memchr.o
LOAD build/postcar/lib/memcmp.o
LOAD build/postcar/lib/prog_loaders.o
LOAD build/postcar/lib/prog_ops.o
LOAD build/postcar/lib/ramdetect.o
LOAD build/postcar/lib/reset.o
LOAD build/postcar/lib/rmodule.o
LOAD build/postcar/lib/romstage_handoff.o
LOAD build/postcar/lib/string.o
LOAD build/postcar/lib/timestamp.o
LOAD build/postcar/lib/version.o
LOAD build/postcar/mainboard/emulation/qemu-i440fx/exit_car.o
LOAD build/postcar/mainboard/emulation/qemu-i440fx/fw_cfg.o
LOAD build/postcar/mainboard/emulation/qemu-i440fx/memmap.o
LOAD build/postcar/security/memory/memory.o
LOAD build/postcar/southbridge/intel/common/reset.o
LOAD build/postcar/southbridge/intel/common/rtc.o
LOAD /opt/xgcc/lib/gcc/i386-elf/8.3.0/libgcc.a
END GROUP
                0x0000000000000001                _ = ASSERT ((. <= 0x2000000), postcar overlaps the previous region!)
                0x0000000002000000                . = 0x2000000
                0x0000000002000000                _postcar = ABSOLUTE (.)
                0x0000000002100000                _epostcar = ABSOLUTE ((_postcar + 0x100000))
                0x0000000000100000                _postcar_size = ABSOLUTE ((_epostcar - _postcar))
                0x0000000000000001                _ = ASSERT (((_eprogram - _program) <= 0x100000), Aftercar exceeded its allotted size! (1M))

.text           0x0000000002000000     0x40d0
                0x0000000002000000                _program = .
                0x0000000002000000                _text = .
 *(.init._start)
 *(.init)
 .init          0x0000000002000000       0x28 build/postcar/arch/x86/gdt_init.o
                0x0000000002000000                gdtptr
 *(.init.*)
 .init._gdt_    0x0000000002000028        0x9 build/postcar/arch/x86/gdt_init.o
                0x0000000002000028                gdt_init
 *(.text._start)
 *(.text.stage_entry)
 *(.metadata_hash_anchor)
 *(.text)
 .text          0x0000000002000031       0x85 build/postcar/arch/x86/exit_car.o
                0x0000000002000031                _start
 .text          0x00000000020000b6        0x1 build/postcar/mainboard/emulation/qemu-i440fx/exit_car.o
                0x00000000020000b6                chipset_teardown_car
 *fill*         0x00000000020000b7        0x1 
 .text          0x00000000020000b8       0xff /opt/xgcc/lib/gcc/i386-elf/8.3.0/libgcc.a(_udivdi3.o)
                0x00000000020000b8                __udivdi3
 *fill*         0x00000000020001b7        0x1 
 .text          0x00000000020001b8      0x1d9 /opt/xgcc/lib/gcc/i386-elf/8.3.0/libgcc.a(_udivmoddi4.o)
                0x00000000020001b8                __udivmoddi4
 *(.text.*)
 .text.arch_prog_run
                0x0000000002000391        0xe build/postcar/arch/x86/boot.o
                0x0000000002000391                arch_prog_run
 .text.memcpy   0x000000000200039f       0x21 build/postcar/arch/x86/memcpy.o
                0x000000000200039f                memcpy
 .text.memmove  0x00000000020003c0      0x185 build/postcar/arch/x86/memmove.o
                0x00000000020003c0                memmove
 .text.memset   0x0000000002000545       0x43 build/postcar/arch/x86/memset.o
                0x0000000002000545                memset
 .text.boot_device_ro
                0x0000000002000588        0x6 build/postcar/arch/x86/mmap_boot.o
                0x0000000002000588                boot_device_ro
 .text.arch_post_code
                0x000000000200058e        0x7 build/postcar/arch/x86/post.o
                0x000000000200058e                arch_post_code
 .text.late_car_teardown
                0x0000000002000595        0x1 build/postcar/arch/x86/postcar.o
                0x0000000002000595                late_car_teardown
 .text.startup.main
                0x0000000002000596       0x46 build/postcar/arch/x86/postcar.o
                0x0000000002000596                main
 .text.timestamp_get
                0x00000000020005dc       0x15 build/postcar/arch/x86/timestamp.o
                0x00000000020005dc                timestamp_get
 .text.cbfs_mcache_lookup
                0x00000000020005f1      0x106 build/postcar/commonlib/bsd/cbfs_mcache.o
                0x00000000020005f1                cbfs_mcache_lookup
 .text.cbfs_walk
                0x00000000020006f7      0x19e build/postcar/commonlib/bsd/cbfs_private.o
                0x00000000020006f7                cbfs_walk
 .text.cbfs_copy_fill_metadata
                0x0000000002000895       0x71 build/postcar/commonlib/bsd/cbfs_private.o
                0x0000000002000895                cbfs_copy_fill_metadata
 .text.lookup_walker
                0x0000000002000906       0x89 build/postcar/commonlib/bsd/cbfs_private.o
 .text.cbfs_lookup
                0x000000000200098f       0x48 build/postcar/commonlib/bsd/cbfs_private.o
                0x000000000200098f                cbfs_lookup
 .text.LZ4_wildCopy
                0x00000000020009d7       0x1a build/postcar/commonlib/bsd/lz4_wrapper.o
 .text.ulz4fn.part.0
                0x00000000020009f1      0x374 build/postcar/commonlib/bsd/lz4_wrapper.o
 .text.ulz4fn   0x0000000002000d65       0x24 build/postcar/commonlib/bsd/lz4_wrapper.o
                0x0000000002000d65                ulz4fn
 .text.read_be32
                0x0000000002000d89        0x5 build/postcar/commonlib/cbfs.o
 .text.cbfsf_file_type
                0x0000000002000d8e       0x33 build/postcar/commonlib/cbfs.o
                0x0000000002000d8e                cbfsf_file_type
 .text.mdev_mmap
                0x0000000002000dc1        0xc build/postcar/commonlib/region.o
 .text.mdev_munmap
                0x0000000002000dcd        0x3 build/postcar/commonlib/region.o
 .text.mdev_readat
                0x0000000002000dd0       0x25 build/postcar/commonlib/region.o
 .text.region_is_subregion
                0x0000000002000df5       0x39 build/postcar/commonlib/region.o
                0x0000000002000df5                region_is_subregion
 .text.normalize_and_ok
                0x0000000002000e2e        0xe build/postcar/commonlib/region.o
 .text.rdev_mmap
                0x0000000002000e3c       0x52 build/postcar/commonlib/region.o
                0x0000000002000e3c                rdev_mmap
 .text.rdev_munmap
                0x0000000002000e8e       0x1f build/postcar/commonlib/region.o
                0x0000000002000e8e                rdev_munmap
 .text.rdev_readat
                0x0000000002000ead       0x4f build/postcar/commonlib/region.o
                0x0000000002000ead                rdev_readat
 .text.rdev_chain
                0x0000000002000efc       0x58 build/postcar/commonlib/region.o
                0x0000000002000efc                rdev_chain
 .text.mem_region_device_ro_init
                0x0000000002000f54       0x2b build/postcar/commonlib/region.o
                0x0000000002000f54                mem_region_device_ro_init
 .text.console_hw_init
                0x0000000002000f7f       0x1b build/postcar/console/console.o
                0x0000000002000f7f                console_hw_init
 .text.console_tx_byte
                0x0000000002000f9a       0x43 build/postcar/console/console.o
                0x0000000002000f9a                console_tx_byte
 .text.console_tx_flush
                0x0000000002000fdd        0xe build/postcar/console/console.o
                0x0000000002000fdd                console_tx_flush
 .text.die_notify
                0x0000000002000feb        0x1 build/postcar/console/die.o
                0x0000000002000feb                die_notify
 .text.die      0x0000000002000fec       0x1e build/postcar/console/die.o
                0x0000000002000fec                die
 .text.console_log_level
                0x000000000200100a       0x2b build/postcar/console/init.o
                0x000000000200100a                console_log_level
 .text.console_init
                0x0000000002001035       0x43 build/postcar/console/init.o
                0x0000000002001035                console_init
 .text.mainboard_post
                0x0000000002001078        0x1 build/postcar/console/post.o
                0x0000000002001078                mainboard_post
 .text.post_code
                0x0000000002001079       0x1c build/postcar/console/post.o
                0x0000000002001079                post_code
 .text.wrap_putchar
                0x0000000002001095        0xe build/postcar/console/printk.o
 .text.console_time_run
                0x00000000020010a3       0x20 build/postcar/console/printk.o
 .text.wrap_putchar_cbmemc
                0x00000000020010c3        0xe build/postcar/console/printk.o
 .text.console_time_stop.part.1
                0x00000000020010d1       0x22 build/postcar/console/printk.o
 .text.do_vprintk
                0x00000000020010f3       0x81 build/postcar/console/printk.o
                0x00000000020010f3                do_vprintk
 .text.lock     0x0000000002001174       0x10 build/postcar/console/printk.o
 .text.do_printk
                0x0000000002001184       0x1a build/postcar/console/printk.o
                0x0000000002001184                do_printk
 .text.console_time_report
                0x000000000200119e       0x32 build/postcar/console/printk.o
                0x000000000200119e                console_time_report
 .text.number   0x00000000020011d0      0x2e8 build/postcar/console/vtxprintf.o
 .text.vtxprintf
                0x00000000020014b8      0x46d build/postcar/console/vtxprintf.o
                0x00000000020014b8                vtxprintf
 .text.boot_cpu
                0x0000000002001925        0xe build/postcar/cpu/x86/lapic/boot_cpu.o
                0x0000000002001925                boot_cpu
 .text.display_mtrrs
                0x0000000002001933        0x1 build/postcar/cpu/x86/mtrr/debug.o
                0x0000000002001933                display_mtrrs
 .text.timer_monotonic_get
                0x0000000002001934       0xa5 build/postcar/cpu/x86/tsc/delay_tsc.o
                0x0000000002001934                timer_monotonic_get
 .text.qemu_debugcon_init
                0x00000000020019d9       0x39 build/postcar/drivers/emulation/qemu/qemu_debugcon.o
                0x00000000020019d9                qemu_debugcon_init
 .text.qemu_debugcon_tx_byte
                0x0000000002001a12       0x14 build/postcar/drivers/emulation/qemu/qemu_debugcon.o
                0x0000000002001a12                qemu_debugcon_tx_byte
 .text.calibrate_tsc_with_pit
                0x0000000002001a26       0x58 build/postcar/drivers/pc80/pc/i8254.o
                0x0000000002001a26                calibrate_tsc_with_pit
 .text.tsc_freq_mhz
                0x0000000002001a7e       0x1e build/postcar/drivers/pc80/pc/i8254.o
                0x0000000002001a7e                tsc_freq_mhz
 .text.uart_init
                0x0000000002001a9c       0x6e build/postcar/drivers/uart/uart8250io.o
                0x0000000002001a9c                uart_init
 .text.uart_tx_byte
                0x0000000002001b0a       0x33 build/postcar/drivers/uart/uart8250io.o
                0x0000000002001b0a                uart_tx_byte
 .text.uart_tx_flush
                0x0000000002001b3d       0x23 build/postcar/drivers/uart/uart8250io.o
                0x0000000002001b3d                uart_tx_flush
 .text.uart_baudrate_divisor
                0x0000000002001b60       0x17 build/postcar/drivers/uart/util.o
                0x0000000002001b60                uart_baudrate_divisor
 .text.uart_input_clock_divider
                0x0000000002001b77        0x6 build/postcar/drivers/uart/util.o
                0x0000000002001b77                uart_input_clock_divider
 .text.uart_platform_refclk
                0x0000000002001b7d        0x6 build/postcar/drivers/uart/util.o
                0x0000000002001b7d                uart_platform_refclk
 .text.boot_device_init
                0x0000000002001b83        0x1 build/postcar/lib/boot_device.o
                0x0000000002001b83                boot_device_init
 .text.boot_device_ro_subregion
                0x0000000002001b84       0x32 build/postcar/lib/boot_device.o
                0x0000000002001b84                boot_device_ro_subregion
 .text.cbfs_load_and_decompress
                0x0000000002001bb6       0xc0 build/postcar/lib/cbfs.o
                0x0000000002001bb6                cbfs_load_and_decompress
 .text.cbfs_boot_device_find_mcache
                0x0000000002001c76       0x40 build/postcar/lib/cbfs.o
                0x0000000002001c76                cbfs_boot_device_find_mcache
 .text.cbfs_get_boot_device
                0x0000000002001cb6       0x4c build/postcar/lib/cbfs.o
                0x0000000002001cb6                cbfs_get_boot_device
 .text.cbfs_boot_lookup
                0x0000000002001d02       0xce build/postcar/lib/cbfs.o
                0x0000000002001d02                cbfs_boot_lookup
 .text.cbfs_boot_locate
                0x0000000002001dd0       0x63 build/postcar/lib/cbfs.o
                0x0000000002001dd0                cbfs_boot_locate
 .text.cbmem_run_init_hooks
                0x0000000002001e33       0x31 build/postcar/lib/cbmem_common.o
                0x0000000002001e33                cbmem_run_init_hooks
 .text.cbmemc_init
                0x0000000002001e64       0x3b build/postcar/lib/cbmem_console.o
                0x0000000002001e64                cbmemc_init
 .text.cbmemc_tx_byte
                0x0000000002001e9f       0x43 build/postcar/lib/cbmem_console.o
                0x0000000002001e9f                cbmemc_tx_byte
 .text.cbmemc_reinit
                0x0000000002001ee2       0xdc build/postcar/lib/cbmem_console.o
 .text.fmap_register_cbmem_cache
                0x0000000002001fbe       0x41 build/postcar/lib/fmap.o
 .text.find_fmap_directory
                0x0000000002001fff      0x115 build/postcar/lib/fmap.o
 .text.fmap_locate_area
                0x0000000002002114       0xab build/postcar/lib/fmap.o
                0x0000000002002114                fmap_locate_area
 .text.fmap_locate_area_as_rdev
                0x00000000020021bf       0x32 build/postcar/lib/fmap.o
                0x00000000020021bf                fmap_locate_area_as_rdev
 .text.__wrap___udivdi3
                0x00000000020021f1        0x5 build/postcar/lib/gcc.o
                0x00000000020021f1                __wrap___udivdi3
 .text.halt     0x00000000020021f6        0x3 build/postcar/lib/halt.o
                0x00000000020021f6                halt
 .text.imdr_recover
                0x00000000020021f9       0xb0 build/postcar/lib/imd.o
 .text.imdr_entry_find
                0x00000000020022a9       0x30 build/postcar/lib/imd.o
 .text.imd_entry_to_imdr
                0x00000000020022d9       0x3e build/postcar/lib/imd.o
 .text.imdr_entry_add
                0x0000000002002317       0x74 build/postcar/lib/imd.o
 .text.imd_handle_init
                0x000000000200238b       0x26 build/postcar/lib/imd.o
                0x000000000200238b                imd_handle_init
 .text.imd_recover
                0x00000000020023b1       0x5e build/postcar/lib/imd.o
                0x00000000020023b1                imd_recover
 .text.imd_entry_add
                0x000000000200240f       0x5a build/postcar/lib/imd.o
                0x000000000200240f                imd_entry_add
 .text.imd_entry_find
                0x0000000002002469       0x24 build/postcar/lib/imd.o
                0x0000000002002469                imd_entry_find
 .text.imd_entry_find_or_add
                0x000000000200248d       0x19 build/postcar/lib/imd.o
                0x000000000200248d                imd_entry_find_or_add
 .text.imd_entry_size
                0x00000000020024a6        0x8 build/postcar/lib/imd.o
                0x00000000020024a6                imd_entry_size
 .text.imd_entry_at
                0x00000000020024ae       0x1e build/postcar/lib/imd.o
                0x00000000020024ae                imd_entry_at
 .text.cbmem_top
                0x00000000020024cc        0x6 build/postcar/lib/imd_cbmem.o
                0x00000000020024cc                cbmem_top
 .text.cbmem_add
                0x00000000020024d2       0x36 build/postcar/lib/imd_cbmem.o
                0x00000000020024d2                cbmem_add
 .text.cbmem_initialize_id_size
                0x0000000002002508       0x69 build/postcar/lib/imd_cbmem.o
                0x0000000002002508                cbmem_initialize_id_size
 .text.cbmem_initialize
                0x0000000002002571       0x12 build/postcar/lib/imd_cbmem.o
                0x0000000002002571                cbmem_initialize
 .text.cbmem_entry_find
                0x0000000002002583       0x15 build/postcar/lib/imd_cbmem.o
                0x0000000002002583                cbmem_entry_find
 .text.cbmem_find
                0x0000000002002598       0x2c build/postcar/lib/imd_cbmem.o
                0x0000000002002598                cbmem_find
 .text.cbmem_entry_size
                0x00000000020025c4       0x12 build/postcar/lib/imd_cbmem.o
                0x00000000020025c4                cbmem_entry_size
 .text.cbmem_entry_start
                0x00000000020025d6       0x15 build/postcar/lib/imd_cbmem.o
                0x00000000020025d6                cbmem_entry_start
 .text.ulzman   0x00000000020025eb       0xce build/postcar/lib/lzma.o
                0x00000000020025eb                ulzman
 .text.LzmaDecodeProperties
                0x00000000020026b9       0x50 build/postcar/lib/lzmadecode.o
                0x00000000020026b9                LzmaDecodeProperties
 .text.LzmaDecode
                0x0000000002002709      0xcf2 build/postcar/lib/lzmadecode.o
                0x0000000002002709                LzmaDecode
 .text.memcmp   0x00000000020033fb       0x26 build/postcar/lib/memcmp.o
                0x00000000020033fb                memcmp
 .text.prog_locate_hook
                0x0000000002003421        0x3 build/postcar/lib/prog_loaders.o
                0x0000000002003421                prog_locate_hook
 .text.prog_locate
                0x0000000002003424       0x6a build/postcar/lib/prog_loaders.o
                0x0000000002003424                prog_locate
 .text.run_ramstage
                0x000000000200348e       0xaa build/postcar/lib/prog_loaders.o
                0x000000000200348e                run_ramstage
 .text.platform_segment_loaded
                0x0000000002003538        0x1 build/postcar/lib/prog_ops.o
                0x0000000002003538                platform_segment_loaded
 .text.arch_segment_loaded
                0x0000000002003539        0x1 build/postcar/lib/prog_ops.o
                0x0000000002003539                arch_segment_loaded
 .text.prog_segment_loaded
                0x000000000200353a       0x2f build/postcar/lib/prog_ops.o
                0x000000000200353a                prog_segment_loaded
 .text.platform_prog_run
                0x0000000002003569        0x1 build/postcar/lib/prog_ops.o
                0x0000000002003569                platform_prog_run
 .text.prog_run
                0x000000000200356a       0x1b build/postcar/lib/prog_ops.o
                0x000000000200356a                prog_run
 .text.rmodule_parse
                0x0000000002003585       0x41 build/postcar/lib/rmodule.o
                0x0000000002003585                rmodule_parse
 .text.rmodule_parameters
                0x00000000020035c6       0x1e build/postcar/lib/rmodule.o
                0x00000000020035c6                rmodule_parameters
 .text.rmodule_entry
                0x00000000020035e4       0x14 build/postcar/lib/rmodule.o
                0x00000000020035e4                rmodule_entry
 .text.rmodule_load
                0x00000000020035f8       0xde build/postcar/lib/rmodule.o
                0x00000000020035f8                rmodule_load
 .text.rmodule_calc_region
                0x00000000020036d6       0x5a build/postcar/lib/rmodule.o
                0x00000000020036d6                rmodule_calc_region
 .text.rmodule_stage_load
                0x0000000002003730      0x129 build/postcar/lib/rmodule.o
                0x0000000002003730                rmodule_stage_load
 .text.strnlen  0x0000000002003859       0x16 build/postcar/lib/string.o
                0x0000000002003859                strnlen
 .text.strlen   0x000000000200386f       0x10 build/postcar/lib/string.o
                0x000000000200386f                strlen
 .text.strcmp   0x000000000200387f       0x20 build/postcar/lib/string.o
                0x000000000200387f                strcmp
 .text.skip_atoi
                0x000000000200389f       0x27 build/postcar/lib/string.o
                0x000000000200389f                skip_atoi
 .text.timestamp_reinit
                0x00000000020038c6       0x46 build/postcar/lib/timestamp.o
 .text.timestamp_add
                0x000000000200390c       0x95 build/postcar/lib/timestamp.o
                0x000000000200390c                timestamp_add
 .text.timestamp_add_now
                0x00000000020039a1       0x18 build/postcar/lib/timestamp.o
                0x00000000020039a1                timestamp_add_now
                0x00000000020039c0                . = ALIGN (0x8)
 *fill*         0x00000000020039b9        0x7 
                0x00000000020039c0                _cbmem_init_hooks = .
 *(.rodata.cbmem_init_hooks)
 .rodata.cbmem_init_hooks
                0x00000000020039c0        0x4 build/postcar/lib/cbmem_console.o
 .rodata.cbmem_init_hooks
                0x00000000020039c4        0x4 build/postcar/lib/fmap.o
 .rodata.cbmem_init_hooks
                0x00000000020039c8        0x4 build/postcar/lib/timestamp.o
                0x00000000020039cc                _ecbmem_init_hooks = .
                0x000000000000000c                _cbmem_init_hooks_size = ABSOLUTE ((_ecbmem_init_hooks - _cbmem_init_hooks))
                0x00000000020039d0                . = ALIGN (0x8)
 *fill*         0x00000000020039cc        0x4 
                0x00000000020039d0                _rsbe_init_begin = .
 *(.rsbe_init)
                0x00000000020039d0                _ersbe_init_begin = .
                0x0000000000000000                _rsbe_init_begin_size = ABSOLUTE ((_ersbe_init_begin - _rsbe_init_begin))
                0x00000000020039d0                . = ALIGN (0x8)
 *(.rodata)
 *fill*         0x00000000020039d0       0x10 
 .rodata        0x00000000020039e0       0x40 build/postcar/commonlib/bsd/lz4_wrapper.o
 *(.rodata.*)
 .rodata.boot_dev
                0x0000000002003a20       0x14 build/postcar/arch/x86/mmap_boot.o
 .rodata.cbfs_mcache_build.str1.1
                0x0000000002003a34       0xc3 build/postcar/commonlib/bsd/cbfs_mcache.o
 .rodata.cbfs_mcache_lookup.str1.1
                0x0000000002003af7       0x51 build/postcar/commonlib/bsd/cbfs_mcache.o
 .rodata.cbfs_walk.str1.1
                0x0000000002003b48       0x7c build/postcar/commonlib/bsd/cbfs_private.o
                                         0xa1 (size before relaxing)
 .rodata.lookup_walker.str1.1
                0x0000000002003bc4       0x21 build/postcar/commonlib/bsd/cbfs_private.o
 *fill*         0x0000000002003be5        0x3 
 .rodata.mem_rdev_ro_ops
                0x0000000002003be8       0x14 build/postcar/commonlib/region.o
                0x0000000002003be8                mem_rdev_ro_ops
 .rodata.console_init.str1.1
                0x0000000002003bfc       0x38 build/postcar/console/init.o
 .rodata.console_time_report.str1.1
                0x0000000002003c34       0x3e build/postcar/console/printk.o
 .rodata.number.str1.1
                0x0000000002003c72       0x22 build/postcar/console/vtxprintf.o
 .rodata.vtxprintf.str1.1
                0x0000000002003c94        0x7 build/postcar/console/vtxprintf.o
 .rodata.qemu_debugcon_init.str1.1
                0x0000000002003c9b       0x31 build/postcar/drivers/emulation/qemu/qemu_debugcon.o
 .rodata.bases  0x0000000002003ccc       0x10 build/postcar/drivers/uart/uart8250io.o
 .rodata.cbfs_get_boot_device.str1.1
                0x0000000002003cdc       0x24 build/postcar/lib/cbfs.o
 .rodata.cbfs_boot_lookup.str1.1
                0x0000000002003d00       0x67 build/postcar/lib/cbfs.o
 .rodata.cbmemc_reinit.str1.1
                0x0000000002003d67       0x3f build/postcar/lib/cbmem_console.o
 .rodata.find_fmap_directory.str1.1
                0x0000000002003da6       0xbc build/postcar/lib/fmap.o
 .rodata.fmap_locate_area.str1.1
                0x0000000002003e62       0x25 build/postcar/lib/fmap.o
 .rodata.ulzman.str1.1
                0x0000000002003e87       0x7c build/postcar/lib/lzma.o
 .rodata.run_ramstage.str1.1
                0x0000000002003f03       0x2c build/postcar/lib/prog_loaders.o
 *fill*         0x0000000002003f2f        0x1 
 .rodata.addrspace_32bit
                0x0000000002003f30       0x14 build/postcar/lib/prog_loaders.o
                0x0000000002003f30                addrspace_32bit
 .rodata.rmodule_load.str1.1
                0x0000000002003f44       0x94 build/postcar/lib/rmodule.o
 .rodata.rmodule_calc_region.str1.1
                0x0000000002003fd8       0x40 build/postcar/lib/rmodule.o
 .rodata.rmodule_stage_load.str1.1
                0x0000000002004018       0x28 build/postcar/lib/rmodule.o
 .rodata.timestamp_reinit.str1.1
                0x0000000002004040       0x25 build/postcar/lib/timestamp.o
 .rodata.timestamp_add.str1.1
                0x0000000002004065       0x3e build/postcar/lib/timestamp.o
 *fill*         0x00000000020040a3        0x1 
 .rodata.coreboot_build
                0x00000000020040a4       0x1d build/postcar/lib/version.o
                0x00000000020040a4                coreboot_build
 .rodata.coreboot_extra_version
                0x00000000020040c1        0x1 build/postcar/lib/version.o
                0x00000000020040c1                coreboot_extra_version
 *fill*         0x00000000020040c2        0x2 
 .rodata.coreboot_version
                0x00000000020040c4        0x8 build/postcar/lib/version.o
                0x00000000020040c4                coreboot_version
                0x00000000020040d0                . = ALIGN (0x8)
 *fill*         0x00000000020040cc        0x4 
                0x00000000020040d0                _etext = .
                0x00000000000040d0                _text_size = ABSOLUTE ((_etext - _text))

.iplt           0x00000000020040d0        0x0
 .iplt          0x00000000020040d0        0x0 build/postcar/mainboard/emulation/qemu-i440fx/static.o

.rel.dyn        0x00000000020040d0        0x0
 .rel.got       0x00000000020040d0        0x0 build/postcar/mainboard/emulation/qemu-i440fx/static.o
 .rel.iplt      0x00000000020040d0        0x0 build/postcar/mainboard/emulation/qemu-i440fx/static.o
 .rel.text.startup.main
                0x00000000020040d0        0x0 build/postcar/mainboard/emulation/qemu-i440fx/static.o
 .rel.text.die  0x00000000020040d0        0x0 build/postcar/mainboard/emulation/qemu-i440fx/static.o
 .rel.text.post_code
                0x00000000020040d0        0x0 build/postcar/mainboard/emulation/qemu-i440fx/static.o
 .rel.text.boot_device_ro_subregion
                0x00000000020040d0        0x0 build/postcar/mainboard/emulation/qemu-i440fx/static.o
 .rel.text.cbmem_run_init_hooks
                0x00000000020040d0        0x0 build/postcar/mainboard/emulation/qemu-i440fx/static.o
 .rel.text.find_fmap_directory
                0x00000000020040d0        0x0 build/postcar/mainboard/emulation/qemu-i440fx/static.o
 .rel.text.prog_locate
                0x00000000020040d0        0x0 build/postcar/mainboard/emulation/qemu-i440fx/static.o
 .rel.text.prog_segment_loaded
                0x00000000020040d0        0x0 build/postcar/mainboard/emulation/qemu-i440fx/static.o
 .rel.text.prog_run
                0x00000000020040d0        0x0 build/postcar/mainboard/emulation/qemu-i440fx/static.o

.data           0x00000000020040d0       0x40
                0x0000000002004100                . = ALIGN (0x40)
 *fill*         0x00000000020040d0       0x30 
                0x0000000002004100                _data = .
                0x0000000002004100                _rmodule_params = .
 *(.module_parameters)
 .module_parameters
                0x0000000002004100        0x8 build/postcar/arch/x86/exit_car.o
                0x0000000002004100                post_car_stack_top
                0x0000000002004108                _ermodule_params = .
                0x0000000000000008                _rmodule_params_size = ABSOLUTE ((_ermodule_params - _rmodule_params))
 *(.data)
 *(.data.*)
 .data.console_lock
                0x0000000002004108        0x4 build/postcar/console/printk.o
 *(.sdata)
 *(.sdata.*)
                0x0000000002004110                . = ALIGN (0x8)
 *fill*         0x000000000200410c        0x4 
                0x0000000002004110                _edata = .
                0x0000000000000010                _data_size = ABSOLUTE ((_edata - _data))

.got            0x0000000002004110        0x0
 .got           0x0000000002004110        0x0 build/postcar/mainboard/emulation/qemu-i440fx/static.o

.got.plt        0x0000000002004110        0x0
 .got.plt       0x0000000002004110        0x0 build/postcar/mainboard/emulation/qemu-i440fx/static.o

.igot.plt       0x0000000002004110        0x0
 .igot.plt      0x0000000002004110        0x0 build/postcar/mainboard/emulation/qemu-i440fx/static.o

.bss            0x0000000002004110     0x4300
                0x0000000002004110                . = ALIGN (0x8)
                0x0000000002004110                _bss = .
 *(.bss)
 *(.bss.*)
 .bss.console_loglevel
                0x0000000002004110        0x4 build/postcar/console/init.o
 .bss.console_inited
                0x0000000002004114        0x4 build/postcar/console/init.o
 .bss.console_usecs
                0x0000000002004118        0x4 build/postcar/console/printk.o
 .bss.mt_stop   0x000000000200411c        0x4 build/postcar/console/printk.o
 .bss.mt_start  0x0000000002004120        0x4 build/postcar/console/printk.o
 .bss.mono_counter
                0x0000000002004124       0x10 build/postcar/cpu/x86/tsc/delay_tsc.o
 .bss.qemu_debugcon_detected
                0x0000000002004134        0x4 build/postcar/drivers/emulation/qemu/qemu_debugcon.o
 .bss.timer_tsc
                0x0000000002004138        0x4 build/postcar/drivers/pc80/pc/i8254.o
 .bss.ro.4231   0x000000000200413c       0x18 build/postcar/lib/cbfs.o
 *fill*         0x0000000002004154        0xc 
 .bss.static_console
                0x0000000002004160      0x400 build/postcar/lib/cbmem_console.o
 .bss.current_console
                0x0000000002004560        0x4 build/postcar/lib/cbmem_console.o
 .bss.fmap_cache
                0x0000000002004564       0x14 build/postcar/lib/fmap.o
 .bss.fmap_print_once
                0x0000000002004578        0x4 build/postcar/lib/fmap.o
 .bss.cbmem_initialized
                0x000000000200457c        0x4 build/postcar/lib/imd_cbmem.o
                0x000000000200457c                cbmem_initialized
 .bss.imd       0x0000000002004580       0x10 build/postcar/lib/imd_cbmem.o
 .bss._cbmem_top_ptr
                0x0000000002004590        0x4 build/postcar/lib/imd_cbmem.o
                0x0000000002004590                _cbmem_top_ptr
 *fill*         0x0000000002004594        0xc 
 .bss.scratchpad.1341
                0x00000000020045a0     0x3e6c build/postcar/lib/lzma.o
 .bss.glob_ts_table
                0x000000000200840c        0x4 build/postcar/lib/timestamp.o
 *(.sbss)
 *(.sbss.*)
                0x0000000002008410                . = ALIGN (0x8)
                0x0000000002008410                _ebss = .
                0x0000000000004300                _bss_size = ABSOLUTE ((_ebss - _bss))
                0x0000000002008410                _eprogram = .
                0x0000000000008410                _program_size = ABSOLUTE ((_eprogram - _program))
                0x0000000000000000                zeroptr = 0x0

/DISCARD/
 *(.comment)
 *(.comment.*)
 *(.note)
 *(.note.*)
 *(.eh_frame)
OUTPUT(build/cbfs/fallback/postcar.debug elf32-i386)

.debug_info     0x0000000000000000    0x1a4f6
 .debug_info    0x0000000000000000      0x895 build/postcar/arch/x86/boot.o
 .debug_info    0x0000000000000895       0x26 build/postcar/arch/x86/exit_car.o
 .debug_info    0x00000000000008bb       0x26 build/postcar/arch/x86/gdt_init.o
 .debug_info    0x00000000000008e1      0x10d build/postcar/arch/x86/memcpy.o
 .debug_info    0x00000000000009ee      0x148 build/postcar/arch/x86/memmove.o
 .debug_info    0x0000000000000b36      0x12d build/postcar/arch/x86/memset.o
 .debug_info    0x0000000000000c63      0x892 build/postcar/arch/x86/mmap_boot.o
 .debug_info    0x00000000000014f5      0xb2b build/postcar/arch/x86/post.o
 .debug_info    0x0000000000002020      0x6b5 build/postcar/arch/x86/postcar.o
 .debug_info    0x00000000000026d5      0x1ee build/postcar/arch/x86/timestamp.o
 .debug_info    0x00000000000028c3      0x970 build/postcar/commonlib/bsd/cbfs_mcache.o
 .debug_info    0x0000000000003233     0x10b7 build/postcar/commonlib/bsd/cbfs_private.o
 .debug_info    0x00000000000042ea      0xc32 build/postcar/commonlib/bsd/lz4_wrapper.o
 .debug_info    0x0000000000004f1c     0x2077 build/postcar/commonlib/cbfs.o
 .debug_info    0x0000000000006f93     0x1aa0 build/postcar/commonlib/region.o
 .debug_info    0x0000000000008a33      0x482 build/postcar/console/console.o
 .debug_info    0x0000000000008eb5      0x132 build/postcar/console/die.o
 .debug_info    0x0000000000008fe7      0xf38 build/postcar/console/init.o
 .debug_info    0x0000000000009f1f      0x115 build/postcar/console/post.o
 .debug_info    0x000000000000a034      0x5d1 build/postcar/console/printk.o
 .debug_info    0x000000000000a605      0x460 build/postcar/console/vtxprintf.o
 .debug_info    0x000000000000aa65      0x166 build/postcar/cpu/x86/lapic/boot_cpu.o
 .debug_info    0x000000000000abcb      0x12c build/postcar/cpu/x86/mtrr/debug.o
 .debug_info    0x000000000000acf7      0x50f build/postcar/cpu/x86/tsc/delay_tsc.o
 .debug_info    0x000000000000b206      0x1d7 build/postcar/drivers/emulation/qemu/qemu_debugcon.o
 .debug_info    0x000000000000b3dd      0x4d4 build/postcar/drivers/pc80/pc/i8254.o
 .debug_info    0x000000000000b8b1      0x81c build/postcar/drivers/uart/uart8250io.o
 .debug_info    0x000000000000c0cd      0x583 build/postcar/drivers/uart/util.o
 .debug_info    0x000000000000c650      0x483 build/postcar/lib/boot_device.o
 .debug_info    0x000000000000cad3     0x231c build/postcar/lib/cbfs.o
 .debug_info    0x000000000000edef      0x565 build/postcar/lib/cbmem_common.o
 .debug_info    0x000000000000f354      0x935 build/postcar/lib/cbmem_console.o
 .debug_info    0x000000000000fc89     0x1c21 build/postcar/lib/fmap.o
 .debug_info    0x00000000000118aa      0x20d build/postcar/lib/gcc.o
 .debug_info    0x0000000000011ab7       0x5b build/postcar/lib/halt.o
 .debug_info    0x0000000000011b12     0x2096 build/postcar/lib/imd.o
 .debug_info    0x0000000000013ba8      0xb76 build/postcar/lib/imd_cbmem.o
 .debug_info    0x000000000001471e      0x2c8 build/postcar/lib/lzma.o
 .debug_info    0x00000000000149e6      0x662 build/postcar/lib/lzmadecode.o
 .debug_info    0x0000000000015048      0x10c build/postcar/lib/memcmp.o
 .debug_info    0x0000000000015154     0x1157 build/postcar/lib/prog_loaders.o
 .debug_info    0x00000000000162ab      0x4d1 build/postcar/lib/prog_ops.o
 .debug_info    0x000000000001677c      0xf1b build/postcar/lib/rmodule.o
 .debug_info    0x0000000000017697      0x71a build/postcar/lib/string.o
 .debug_info    0x0000000000017db1      0xe74 build/postcar/lib/timestamp.o
 .debug_info    0x0000000000018c25      0x1e0 build/postcar/lib/version.o
 .debug_info    0x0000000000018e05       0x26 build/postcar/mainboard/emulation/qemu-i440fx/exit_car.o
 .debug_info    0x0000000000018e2b      0xbc3 /opt/xgcc/lib/gcc/i386-elf/8.3.0/libgcc.a(_udivdi3.o)
 .debug_info    0x00000000000199ee      0xb08 /opt/xgcc/lib/gcc/i386-elf/8.3.0/libgcc.a(_udivmoddi4.o)

.debug_abbrev   0x0000000000000000     0x6164
 .debug_abbrev  0x0000000000000000      0x1a3 build/postcar/arch/x86/boot.o
 .debug_abbrev  0x00000000000001a3       0x14 build/postcar/arch/x86/exit_car.o
 .debug_abbrev  0x00000000000001b7       0x14 build/postcar/arch/x86/gdt_init.o
 .debug_abbrev  0x00000000000001cb       0xbe build/postcar/arch/x86/memcpy.o
 .debug_abbrev  0x0000000000000289       0xd2 build/postcar/arch/x86/memmove.o
 .debug_abbrev  0x000000000000035b       0xe9 build/postcar/arch/x86/memset.o
 .debug_abbrev  0x0000000000000444      0x1cc build/postcar/arch/x86/mmap_boot.o
 .debug_abbrev  0x0000000000000610      0x20f build/postcar/arch/x86/post.o
 .debug_abbrev  0x000000000000081f      0x19c build/postcar/arch/x86/postcar.o
 .debug_abbrev  0x00000000000009bb      0x18a build/postcar/arch/x86/timestamp.o
 .debug_abbrev  0x0000000000000b45      0x281 build/postcar/commonlib/bsd/cbfs_mcache.o
 .debug_abbrev  0x0000000000000dc6      0x328 build/postcar/commonlib/bsd/cbfs_private.o
 .debug_abbrev  0x00000000000010ee      0x381 build/postcar/commonlib/bsd/lz4_wrapper.o
 .debug_abbrev  0x000000000000146f      0x4b6 build/postcar/commonlib/cbfs.o
 .debug_abbrev  0x0000000000001925      0x498 build/postcar/commonlib/region.o
 .debug_abbrev  0x0000000000001dbd      0x198 build/postcar/console/console.o
 .debug_abbrev  0x0000000000001f55       0xf6 build/postcar/console/die.o
 .debug_abbrev  0x000000000000204b      0x2c3 build/postcar/console/init.o
 .debug_abbrev  0x000000000000230e       0xd4 build/postcar/console/post.o
 .debug_abbrev  0x00000000000023e2      0x2ad build/postcar/console/printk.o
 .debug_abbrev  0x000000000000268f      0x1f7 build/postcar/console/vtxprintf.o
 .debug_abbrev  0x0000000000002886      0x116 build/postcar/cpu/x86/lapic/boot_cpu.o
 .debug_abbrev  0x000000000000299c       0xb1 build/postcar/cpu/x86/mtrr/debug.o
 .debug_abbrev  0x0000000000002a4d      0x27d build/postcar/cpu/x86/tsc/delay_tsc.o
 .debug_abbrev  0x0000000000002cca      0x15b build/postcar/drivers/emulation/qemu/qemu_debugcon.o
 .debug_abbrev  0x0000000000002e25      0x1fe build/postcar/drivers/pc80/pc/i8254.o
 .debug_abbrev  0x0000000000003023      0x288 build/postcar/drivers/uart/uart8250io.o
 .debug_abbrev  0x00000000000032ab      0x1fd build/postcar/drivers/uart/util.o
 .debug_abbrev  0x00000000000034a8      0x1a6 build/postcar/lib/boot_device.o
 .debug_abbrev  0x000000000000364e      0x5bf build/postcar/lib/cbfs.o
 .debug_abbrev  0x0000000000003c0d       0xd9 build/postcar/lib/cbmem_common.o
 .debug_abbrev  0x0000000000003ce6      0x25b build/postcar/lib/cbmem_console.o
 .debug_abbrev  0x0000000000003f41      0x3a9 build/postcar/lib/fmap.o
 .debug_abbrev  0x00000000000042ea       0xa7 build/postcar/lib/gcc.o
 .debug_abbrev  0x0000000000004391       0x5a build/postcar/lib/halt.o
 .debug_abbrev  0x00000000000043eb      0x46f build/postcar/lib/imd.o
 .debug_abbrev  0x000000000000485a      0x3af build/postcar/lib/imd_cbmem.o
 .debug_abbrev  0x0000000000004c09      0x163 build/postcar/lib/lzma.o
 .debug_abbrev  0x0000000000004d6c      0x19d build/postcar/lib/lzmadecode.o
 .debug_abbrev  0x0000000000004f09       0xda build/postcar/lib/memcmp.o
 .debug_abbrev  0x0000000000004fe3      0x2ea build/postcar/lib/prog_loaders.o
 .debug_abbrev  0x00000000000052cd      0x1a1 build/postcar/lib/prog_ops.o
 .debug_abbrev  0x000000000000546e      0x2d3 build/postcar/lib/rmodule.o
 .debug_abbrev  0x0000000000005741      0x1ae build/postcar/lib/string.o
 .debug_abbrev  0x00000000000058ef      0x3bb build/postcar/lib/timestamp.o
 .debug_abbrev  0x0000000000005caa       0x85 build/postcar/lib/version.o
 .debug_abbrev  0x0000000000005d2f       0x14 build/postcar/mainboard/emulation/qemu-i440fx/exit_car.o
 .debug_abbrev  0x0000000000005d43      0x23a /opt/xgcc/lib/gcc/i386-elf/8.3.0/libgcc.a(_udivdi3.o)
 .debug_abbrev  0x0000000000005f7d      0x1e7 /opt/xgcc/lib/gcc/i386-elf/8.3.0/libgcc.a(_udivmoddi4.o)

.debug_loc      0x0000000000000000     0xaacf
 .debug_loc     0x0000000000000000       0x3c build/postcar/arch/x86/boot.o
 .debug_loc     0x000000000000003c       0x16 build/postcar/arch/x86/memmove.o
 .debug_loc     0x0000000000000052       0x46 build/postcar/arch/x86/memset.o
 .debug_loc     0x0000000000000098       0x2d build/postcar/arch/x86/post.o
 .debug_loc     0x00000000000000c5       0x1a build/postcar/arch/x86/timestamp.o
 .debug_loc     0x00000000000000df      0x24a build/postcar/commonlib/bsd/cbfs_mcache.o
 .debug_loc     0x0000000000000329      0x69a build/postcar/commonlib/bsd/cbfs_private.o
 .debug_loc     0x00000000000009c3      0xb38 build/postcar/commonlib/bsd/lz4_wrapper.o
 .debug_loc     0x00000000000014fb      0x8af build/postcar/commonlib/cbfs.o
 .debug_loc     0x0000000000001daa      0xc6e build/postcar/commonlib/region.o
 .debug_loc     0x0000000000002a18       0xa3 build/postcar/console/console.o
 .debug_loc     0x0000000000002abb       0x24 build/postcar/console/die.o
 .debug_loc     0x0000000000002adf       0x15 build/postcar/console/init.o
 .debug_loc     0x0000000000002af4       0x16 build/postcar/console/post.o
 .debug_loc     0x0000000000002b0a      0x173 build/postcar/console/printk.o
 .debug_loc     0x0000000000002c7d      0xbb7 build/postcar/console/vtxprintf.o
 .debug_loc     0x0000000000003834       0x68 build/postcar/cpu/x86/lapic/boot_cpu.o
 .debug_loc     0x000000000000389c      0x19f build/postcar/cpu/x86/tsc/delay_tsc.o
 .debug_loc     0x0000000000003a3b       0x7a build/postcar/drivers/emulation/qemu/qemu_debugcon.o
 .debug_loc     0x0000000000003ab5      0x352 build/postcar/drivers/pc80/pc/i8254.o
 .debug_loc     0x0000000000003e07      0x391 build/postcar/drivers/uart/uart8250io.o
 .debug_loc     0x0000000000004198      0x49f build/postcar/drivers/uart/util.o
 .debug_loc     0x0000000000004637       0xb6 build/postcar/lib/boot_device.o
 .debug_loc     0x00000000000046ed      0xa03 build/postcar/lib/cbfs.o
 .debug_loc     0x00000000000050f0       0x15 build/postcar/lib/cbmem_common.o
 .debug_loc     0x0000000000005105      0x222 build/postcar/lib/cbmem_console.o
 .debug_loc     0x0000000000005327      0x2ed build/postcar/lib/fmap.o
 .debug_loc     0x0000000000005614     0x1b27 build/postcar/lib/imd.o
 .debug_loc     0x000000000000713b      0x1fa build/postcar/lib/imd_cbmem.o
 .debug_loc     0x0000000000007335       0xb8 build/postcar/lib/lzma.o
 .debug_loc     0x00000000000073ed     0x1923 build/postcar/lib/lzmadecode.o
 .debug_loc     0x0000000000008d10      0x123 build/postcar/lib/memcmp.o
 .debug_loc     0x0000000000008e33       0xa1 build/postcar/lib/prog_loaders.o
 .debug_loc     0x0000000000008ed4       0x58 build/postcar/lib/prog_ops.o
 .debug_loc     0x0000000000008f2c      0x47f build/postcar/lib/rmodule.o
 .debug_loc     0x00000000000093ab      0x6ee build/postcar/lib/string.o
 .debug_loc     0x0000000000009a99      0x291 build/postcar/lib/timestamp.o
 .debug_loc     0x0000000000009d2a      0x79c /opt/xgcc/lib/gcc/i386-elf/8.3.0/libgcc.a(_udivdi3.o)
 .debug_loc     0x000000000000a4c6      0x609 /opt/xgcc/lib/gcc/i386-elf/8.3.0/libgcc.a(_udivmoddi4.o)

.debug_aranges  0x0000000000000000      0xc20
 .debug_aranges
                0x0000000000000000       0x28 build/postcar/arch/x86/boot.o
 .debug_aranges
                0x0000000000000028       0x20 build/postcar/arch/x86/exit_car.o
 .debug_aranges
                0x0000000000000048       0x20 build/postcar/arch/x86/gdt_init.o
 .debug_aranges
                0x0000000000000068       0x20 build/postcar/arch/x86/memcpy.o
 .debug_aranges
                0x0000000000000088       0x20 build/postcar/arch/x86/memmove.o
 .debug_aranges
                0x00000000000000a8       0x20 build/postcar/arch/x86/memset.o
 .debug_aranges
                0x00000000000000c8       0x28 build/postcar/arch/x86/mmap_boot.o
 .debug_aranges
                0x00000000000000f0       0x20 build/postcar/arch/x86/post.o
 .debug_aranges
                0x0000000000000110       0x28 build/postcar/arch/x86/postcar.o
 .debug_aranges
                0x0000000000000138       0x28 build/postcar/arch/x86/timestamp.o
 .debug_aranges
                0x0000000000000160       0x38 build/postcar/commonlib/bsd/cbfs_mcache.o
 .debug_aranges
                0x0000000000000198       0x40 build/postcar/commonlib/bsd/cbfs_private.o
 .debug_aranges
                0x00000000000001d8       0x38 build/postcar/commonlib/bsd/lz4_wrapper.o
 .debug_aranges
                0x0000000000000210       0x60 build/postcar/commonlib/cbfs.o
 .debug_aranges
                0x0000000000000270      0x128 build/postcar/commonlib/region.o
 .debug_aranges
                0x0000000000000398       0x38 build/postcar/console/console.o
 .debug_aranges
                0x00000000000003d0       0x28 build/postcar/console/die.o
 .debug_aranges
                0x00000000000003f8       0x28 build/postcar/console/init.o
 .debug_aranges
                0x0000000000000420       0x28 build/postcar/console/post.o
 .debug_aranges
                0x0000000000000448       0x60 build/postcar/console/printk.o
 .debug_aranges
                0x00000000000004a8       0x28 build/postcar/console/vtxprintf.o
 .debug_aranges
                0x00000000000004d0       0x20 build/postcar/cpu/x86/lapic/boot_cpu.o
 .debug_aranges
                0x00000000000004f0       0x20 build/postcar/cpu/x86/mtrr/debug.o
 .debug_aranges
                0x0000000000000510       0x30 build/postcar/cpu/x86/tsc/delay_tsc.o
 .debug_aranges
                0x0000000000000540       0x28 build/postcar/drivers/emulation/qemu/qemu_debugcon.o
 .debug_aranges
                0x0000000000000568       0x30 build/postcar/drivers/pc80/pc/i8254.o
 .debug_aranges
                0x0000000000000598       0x48 build/postcar/drivers/uart/uart8250io.o
 .debug_aranges
                0x00000000000005e0       0x38 build/postcar/drivers/uart/util.o
 .debug_aranges
                0x0000000000000618       0x38 build/postcar/lib/boot_device.o
 .debug_aranges
                0x0000000000000650       0xb0 build/postcar/lib/cbfs.o
 .debug_aranges
                0x0000000000000700       0x20 build/postcar/lib/cbmem_common.o
 .debug_aranges
                0x0000000000000720       0x30 build/postcar/lib/cbmem_console.o
 .debug_aranges
                0x0000000000000750       0x60 build/postcar/lib/fmap.o
 .debug_aranges
                0x00000000000007b0       0x38 build/postcar/lib/gcc.o
 .debug_aranges
                0x00000000000007e8       0x20 build/postcar/lib/halt.o
 .debug_aranges
                0x0000000000000808       0xd8 build/postcar/lib/imd.o
 .debug_aranges
                0x00000000000008e0       0x98 build/postcar/lib/imd_cbmem.o
 .debug_aranges
                0x0000000000000978       0x20 build/postcar/lib/lzma.o
 .debug_aranges
                0x0000000000000998       0x28 build/postcar/lib/lzmadecode.o
 .debug_aranges
                0x00000000000009c0       0x20 build/postcar/lib/memcmp.o
 .debug_aranges
                0x00000000000009e0       0x38 build/postcar/lib/prog_loaders.o
 .debug_aranges
                0x0000000000000a18       0x38 build/postcar/lib/prog_ops.o
 .debug_aranges
                0x0000000000000a50       0x60 build/postcar/lib/rmodule.o
 .debug_aranges
                0x0000000000000ab0       0xa0 build/postcar/lib/string.o
 .debug_aranges
                0x0000000000000b50       0x58 build/postcar/lib/timestamp.o
 .debug_aranges
                0x0000000000000ba8       0x18 build/postcar/lib/version.o
 .debug_aranges
                0x0000000000000bc0       0x20 build/postcar/mainboard/emulation/qemu-i440fx/exit_car.o
 .debug_aranges
                0x0000000000000be0       0x20 /opt/xgcc/lib/gcc/i386-elf/8.3.0/libgcc.a(_udivdi3.o)
 .debug_aranges
                0x0000000000000c00       0x20 /opt/xgcc/lib/gcc/i386-elf/8.3.0/libgcc.a(_udivmoddi4.o)

.debug_ranges   0x0000000000000000     0x1d20
 .debug_ranges  0x0000000000000000       0x18 build/postcar/arch/x86/boot.o
 .debug_ranges  0x0000000000000018       0x10 build/postcar/arch/x86/memcpy.o
 .debug_ranges  0x0000000000000028       0x10 build/postcar/arch/x86/memmove.o
 .debug_ranges  0x0000000000000038       0x10 build/postcar/arch/x86/memset.o
 .debug_ranges  0x0000000000000048       0x18 build/postcar/arch/x86/mmap_boot.o
 .debug_ranges  0x0000000000000060       0x10 build/postcar/arch/x86/post.o
 .debug_ranges  0x0000000000000070       0x30 build/postcar/arch/x86/postcar.o
 .debug_ranges  0x00000000000000a0       0x50 build/postcar/arch/x86/timestamp.o
 .debug_ranges  0x00000000000000f0       0x78 build/postcar/commonlib/bsd/cbfs_mcache.o
 .debug_ranges  0x0000000000000168      0x1e8 build/postcar/commonlib/bsd/cbfs_private.o
 .debug_ranges  0x0000000000000350      0x180 build/postcar/commonlib/bsd/lz4_wrapper.o
 .debug_ranges  0x00000000000004d0      0x1b0 build/postcar/commonlib/cbfs.o
 .debug_ranges  0x0000000000000680      0x250 build/postcar/commonlib/region.o
 .debug_ranges  0x00000000000008d0       0xc8 build/postcar/console/console.o
 .debug_ranges  0x0000000000000998       0x18 build/postcar/console/die.o
 .debug_ranges  0x00000000000009b0       0x48 build/postcar/console/init.o
 .debug_ranges  0x00000000000009f8       0x18 build/postcar/console/post.o
 .debug_ranges  0x0000000000000a10       0x98 build/postcar/console/printk.o
 .debug_ranges  0x0000000000000aa8       0x30 build/postcar/console/vtxprintf.o
 .debug_ranges  0x0000000000000ad8       0x10 build/postcar/cpu/x86/lapic/boot_cpu.o
 .debug_ranges  0x0000000000000ae8       0x10 build/postcar/cpu/x86/mtrr/debug.o
 .debug_ranges  0x0000000000000af8       0xf0 build/postcar/cpu/x86/tsc/delay_tsc.o
 .debug_ranges  0x0000000000000be8       0x30 build/postcar/drivers/emulation/qemu/qemu_debugcon.o
 .debug_ranges  0x0000000000000c18       0x80 build/postcar/drivers/pc80/pc/i8254.o
 .debug_ranges  0x0000000000000c98      0x1b8 build/postcar/drivers/uart/uart8250io.o
 .debug_ranges  0x0000000000000e50       0x78 build/postcar/drivers/uart/util.o
 .debug_ranges  0x0000000000000ec8       0x58 build/postcar/lib/boot_device.o
 .debug_ranges  0x0000000000000f20      0x1f0 build/postcar/lib/cbfs.o
 .debug_ranges  0x0000000000001110       0x10 build/postcar/lib/cbmem_common.o
 .debug_ranges  0x0000000000001120       0x38 build/postcar/lib/cbmem_console.o
 .debug_ranges  0x0000000000001158      0x130 build/postcar/lib/fmap.o
 .debug_ranges  0x0000000000001288       0x28 build/postcar/lib/gcc.o
 .debug_ranges  0x00000000000012b0       0x10 build/postcar/lib/halt.o
 .debug_ranges  0x00000000000012c0      0x488 build/postcar/lib/imd.o
 .debug_ranges  0x0000000000001748       0xa0 build/postcar/lib/imd_cbmem.o
 .debug_ranges  0x00000000000017e8       0x10 build/postcar/lib/lzma.o
 .debug_ranges  0x00000000000017f8      0x128 build/postcar/lib/lzmadecode.o
 .debug_ranges  0x0000000000001920       0x10 build/postcar/lib/memcmp.o
 .debug_ranges  0x0000000000001930       0x78 build/postcar/lib/prog_loaders.o
 .debug_ranges  0x00000000000019a8       0x28 build/postcar/lib/prog_ops.o
 .debug_ranges  0x00000000000019d0      0x148 build/postcar/lib/rmodule.o
 .debug_ranges  0x0000000000001b18       0x90 build/postcar/lib/string.o
 .debug_ranges  0x0000000000001ba8      0x130 build/postcar/lib/timestamp.o
 .debug_ranges  0x0000000000001cd8       0x28 /opt/xgcc/lib/gcc/i386-elf/8.3.0/libgcc.a(_udivdi3.o)
 .debug_ranges  0x0000000000001d00       0x20 /opt/xgcc/lib/gcc/i386-elf/8.3.0/libgcc.a(_udivmoddi4.o)

.debug_line     0x0000000000000000     0x9bf6
 .debug_line    0x0000000000000000      0x150 build/postcar/arch/x86/boot.o
 .debug_line    0x0000000000000150       0x75 build/postcar/arch/x86/exit_car.o
 .debug_line    0x00000000000001c5       0x48 build/postcar/arch/x86/gdt_init.o
 .debug_line    0x000000000000020d       0x85 build/postcar/arch/x86/memcpy.o
 .debug_line    0x0000000000000292       0x7a build/postcar/arch/x86/memmove.o
 .debug_line    0x000000000000030c       0xc9 build/postcar/arch/x86/memset.o
 .debug_line    0x00000000000003d5      0x109 build/postcar/arch/x86/mmap_boot.o
 .debug_line    0x00000000000004de       0xfe build/postcar/arch/x86/post.o
 .debug_line    0x00000000000005dc      0x171 build/postcar/arch/x86/postcar.o
 .debug_line    0x000000000000074d      0x11c build/postcar/arch/x86/timestamp.o
 .debug_line    0x0000000000000869      0x4b2 build/postcar/commonlib/bsd/cbfs_mcache.o
 .debug_line    0x0000000000000d1b      0x62f build/postcar/commonlib/bsd/cbfs_private.o
 .debug_line    0x000000000000134a      0x558 build/postcar/commonlib/bsd/lz4_wrapper.o
 .debug_line    0x00000000000018a2      0x776 build/postcar/commonlib/cbfs.o
 .debug_line    0x0000000000002018      0xab3 build/postcar/commonlib/region.o
 .debug_line    0x0000000000002acb      0x31b build/postcar/console/console.o
 .debug_line    0x0000000000002de6       0xb4 build/postcar/console/die.o
 .debug_line    0x0000000000002e9a      0x220 build/postcar/console/init.o
 .debug_line    0x00000000000030ba       0x97 build/postcar/console/post.o
 .debug_line    0x0000000000003151      0x2f9 build/postcar/console/printk.o
 .debug_line    0x000000000000344a      0x655 build/postcar/console/vtxprintf.o
 .debug_line    0x0000000000003a9f       0xa5 build/postcar/cpu/x86/lapic/boot_cpu.o
 .debug_line    0x0000000000003b44       0xa6 build/postcar/cpu/x86/mtrr/debug.o
 .debug_line    0x0000000000003bea      0x296 build/postcar/cpu/x86/tsc/delay_tsc.o
 .debug_line    0x0000000000003e80      0x134 build/postcar/drivers/emulation/qemu/qemu_debugcon.o
 .debug_line    0x0000000000003fb4      0x26c build/postcar/drivers/pc80/pc/i8254.o
 .debug_line    0x0000000000004220      0x446 build/postcar/drivers/uart/uart8250io.o
 .debug_line    0x0000000000004666      0x29e build/postcar/drivers/uart/util.o
 .debug_line    0x0000000000004904      0x14f build/postcar/lib/boot_device.o
 .debug_line    0x0000000000004a53      0xb4c build/postcar/lib/cbfs.o
 .debug_line    0x000000000000559f       0xaa build/postcar/lib/cbmem_common.o
 .debug_line    0x0000000000005649      0x23c build/postcar/lib/cbmem_console.o
 .debug_line    0x0000000000005885      0x55d build/postcar/lib/fmap.o
 .debug_line    0x0000000000005de2       0x8e build/postcar/lib/gcc.o
 .debug_line    0x0000000000005e70       0x7f build/postcar/lib/halt.o
 .debug_line    0x0000000000005eef      0xf55 build/postcar/lib/imd.o
 .debug_line    0x0000000000006e44      0x47a build/postcar/lib/imd_cbmem.o
 .debug_line    0x00000000000072be      0x124 build/postcar/lib/lzma.o
 .debug_line    0x00000000000073e2      0xe54 build/postcar/lib/lzmadecode.o
 .debug_line    0x0000000000008236       0x92 build/postcar/lib/memcmp.o
 .debug_line    0x00000000000082c8      0x3af build/postcar/lib/prog_loaders.o
 .debug_line    0x0000000000008677      0x106 build/postcar/lib/prog_ops.o
 .debug_line    0x000000000000877d      0x62b build/postcar/lib/rmodule.o
 .debug_line    0x0000000000008da8      0x4e1 build/postcar/lib/string.o
 .debug_line    0x0000000000009289      0x42e build/postcar/lib/timestamp.o
 .debug_line    0x00000000000096b7       0x4b build/postcar/lib/version.o
 .debug_line    0x0000000000009702       0x5c build/postcar/mainboard/emulation/qemu-i440fx/exit_car.o
 .debug_line    0x000000000000975e      0x214 /opt/xgcc/lib/gcc/i386-elf/8.3.0/libgcc.a(_udivdi3.o)
 .debug_line    0x0000000000009972      0x284 /opt/xgcc/lib/gcc/i386-elf/8.3.0/libgcc.a(_udivmoddi4.o)

.debug_str      0x0000000000000000     0x8147
 .debug_str     0x0000000000000000      0x79e build/postcar/arch/x86/boot.o
                                        0x89a (size before relaxing)
 .debug_str     0x000000000000079e       0x26 build/postcar/arch/x86/exit_car.o
                                         0x3e (size before relaxing)
 .debug_str     0x00000000000007c4       0x18 build/postcar/arch/x86/gdt_init.o
                                         0x3e (size before relaxing)
 .debug_str     0x00000000000007dc       0x22 build/postcar/arch/x86/memcpy.o
                                        0x1e1 (size before relaxing)
 .debug_str     0x00000000000007fe       0x1f build/postcar/arch/x86/memmove.o
                                        0x1e3 (size before relaxing)
 .debug_str     0x000000000000081d       0x2d build/postcar/arch/x86/memset.o
                                        0x1f5 (size before relaxing)
 .debug_str     0x000000000000084a      0x33b build/postcar/arch/x86/mmap_boot.o
                                        0x607 (size before relaxing)
 .debug_str     0x0000000000000b85      0x636 build/postcar/arch/x86/post.o
                                        0x8dd (size before relaxing)
 .debug_str     0x00000000000011bb      0x91f build/postcar/arch/x86/postcar.o
                                        0xbdb (size before relaxing)
 .debug_str     0x0000000000001ada       0x85 build/postcar/arch/x86/timestamp.o
                                        0x269 (size before relaxing)
 .debug_str     0x0000000000001b5f      0x313 build/postcar/commonlib/bsd/cbfs_mcache.o
                                        0x5ef (size before relaxing)
 .debug_str     0x0000000000001e72      0x40b build/postcar/commonlib/bsd/cbfs_private.o
                                        0x993 (size before relaxing)
 .debug_str     0x000000000000227d      0x2fa build/postcar/commonlib/bsd/lz4_wrapper.o
                                        0x52d (size before relaxing)
 .debug_str     0x0000000000002577     0x278c build/postcar/commonlib/cbfs.o
                                       0x2de2 (size before relaxing)
 .debug_str     0x0000000000004d03      0x3ce build/postcar/commonlib/region.o
                                        0x721 (size before relaxing)
 .debug_str     0x00000000000050d1      0x1fa build/postcar/console/console.o
                                        0x45c (size before relaxing)
 .debug_str     0x00000000000052cb       0x3f build/postcar/console/die.o
                                        0x204 (size before relaxing)
 .debug_str     0x000000000000530a      0x284 build/postcar/console/init.o
                                        0xcf9 (size before relaxing)
 .debug_str     0x000000000000558e       0x22 build/postcar/console/post.o
                                        0x201 (size before relaxing)
 .debug_str     0x00000000000055b0      0x150 build/postcar/console/printk.o
                                        0x3f7 (size before relaxing)
 .debug_str     0x0000000000005700       0x6a build/postcar/console/vtxprintf.o
                                        0x286 (size before relaxing)
 .debug_str     0x000000000000576a       0x3b build/postcar/cpu/x86/lapic/boot_cpu.o
                                        0x202 (size before relaxing)
 .debug_str     0x00000000000057a5       0x56 build/postcar/cpu/x86/mtrr/debug.o
                                        0x23c (size before relaxing)
 .debug_str     0x00000000000057fb       0xe6 build/postcar/cpu/x86/tsc/delay_tsc.o
                                        0x325 (size before relaxing)
 .debug_str     0x00000000000058e1       0x42 build/postcar/drivers/emulation/qemu/qemu_debugcon.o
                                        0x25c (size before relaxing)
 .debug_str     0x0000000000005923       0x5e build/postcar/drivers/pc80/pc/i8254.o
                                        0x277 (size before relaxing)
 .debug_str     0x0000000000005981      0x175 build/postcar/drivers/uart/uart8250io.o
                                        0x39e (size before relaxing)
 .debug_str     0x0000000000005af6       0xa0 build/postcar/drivers/uart/util.o
                                        0x318 (size before relaxing)
 .debug_str     0x0000000000005b96       0xd1 build/postcar/lib/boot_device.o
                                        0x375 (size before relaxing)
 .debug_str     0x0000000000005c67      0x323 build/postcar/lib/cbfs.o
                                       0x1934 (size before relaxing)
 .debug_str     0x0000000000005f8a       0x47 build/postcar/lib/cbmem_common.o
                                        0x70f (size before relaxing)
 .debug_str     0x0000000000005fd1      0x11e build/postcar/lib/cbmem_console.o
                                        0x82d (size before relaxing)
 .debug_str     0x00000000000060ef      0x265 build/postcar/lib/fmap.o
                                       0x303c (size before relaxing)
 .debug_str     0x0000000000006354       0x92 build/postcar/lib/gcc.o
                                        0x24a (size before relaxing)
 .debug_str     0x00000000000063e6        0xf build/postcar/lib/halt.o
                                        0x135 (size before relaxing)
 .debug_str     0x00000000000063f5      0x3e8 build/postcar/lib/imd.o
                                        0x699 (size before relaxing)
 .debug_str     0x00000000000067dd      0x643 build/postcar/lib/imd_cbmem.o
                                        0xa0a (size before relaxing)
 .debug_str     0x0000000000006e20       0xaa build/postcar/lib/lzma.o
                                        0x2d0 (size before relaxing)
 .debug_str     0x0000000000006eca      0x14e build/postcar/lib/lzmadecode.o
                                        0x3ba (size before relaxing)
 .debug_str     0x0000000000007018       0x1b build/postcar/lib/memcmp.o
                                        0x19a (size before relaxing)
 .debug_str     0x0000000000007033      0x159 build/postcar/lib/prog_loaders.o
                                       0x138a (size before relaxing)
 .debug_str     0x000000000000718c       0x51 build/postcar/lib/prog_ops.o
                                        0x3e4 (size before relaxing)
 .debug_str     0x00000000000071dd      0x2a1 build/postcar/lib/rmodule.o
                                        0x7a6 (size before relaxing)
 .debug_str     0x000000000000747e       0xd1 build/postcar/lib/string.o
                                        0x2ce (size before relaxing)
 .debug_str     0x000000000000754f      0x198 build/postcar/lib/timestamp.o
                                       0x11f0 (size before relaxing)
 .debug_str     0x00000000000076e7       0x12 build/postcar/lib/version.o
                                        0x27b (size before relaxing)
 .debug_str     0x00000000000076f9       0x2f build/postcar/mainboard/emulation/qemu-i440fx/exit_car.o
                                         0x55 (size before relaxing)
 .debug_str     0x0000000000007728      0xa1f /opt/xgcc/lib/gcc/i386-elf/8.3.0/libgcc.a(_udivdi3.o)
                                        0xb35 (size before relaxing)
 .debug_str     0x0000000000008147      0xb2b /opt/xgcc/lib/gcc/i386-elf/8.3.0/libgcc.a(_udivmoddi4.o)
